Archive member included to satisfy reference by file (symbol)

c:/intelfpga_lite/18.1/nios2eds/bin/gnu/h-x86_64-mingw32/bin/../lib/gcc/nios2-elf/5.3.0/../../../../../H-x86_64-mingw32/nios2-elf/lib\libc.a(lib_a-puts.o)
                              obj/default/hello_ucosii.o (puts)
c:/intelfpga_lite/18.1/nios2eds/bin/gnu/h-x86_64-mingw32/bin/../lib/gcc/nios2-elf/5.3.0/../../../../../H-x86_64-mingw32/nios2-elf/lib\libc.a(lib_a-strlen.o)
                              c:/intelfpga_lite/18.1/nios2eds/bin/gnu/h-x86_64-mingw32/bin/../lib/gcc/nios2-elf/5.3.0/../../../../../H-x86_64-mingw32/nios2-elf/lib\libc.a(lib_a-puts.o) (strlen)
c:/intelfpga_lite/18.1/nios2eds/bin/gnu/h-x86_64-mingw32/bin/../lib/gcc/nios2-elf/5.3.0/../../../../../H-x86_64-mingw32/nios2-elf/lib\libc.a(lib_a-findfp.o)
                              c:/intelfpga_lite/18.1/nios2eds/bin/gnu/h-x86_64-mingw32/bin/../lib/gcc/nios2-elf/5.3.0/../../../../../H-x86_64-mingw32/nios2-elf/lib\libc.a(lib_a-puts.o) (__sinit)
c:/intelfpga_lite/18.1/nios2eds/bin/gnu/h-x86_64-mingw32/bin/../lib/gcc/nios2-elf/5.3.0/../../../../../H-x86_64-mingw32/nios2-elf/lib\libc.a(lib_a-fvwrite.o)
                              c:/intelfpga_lite/18.1/nios2eds/bin/gnu/h-x86_64-mingw32/bin/../lib/gcc/nios2-elf/5.3.0/../../../../../H-x86_64-mingw32/nios2-elf/lib\libc.a(lib_a-puts.o) (__sfvwrite_r)
c:/intelfpga_lite/18.1/nios2eds/bin/gnu/h-x86_64-mingw32/bin/../lib/gcc/nios2-elf/5.3.0/../../../../../H-x86_64-mingw32/nios2-elf/lib\libc.a(lib_a-fwalk.o)
                              c:/intelfpga_lite/18.1/nios2eds/bin/gnu/h-x86_64-mingw32/bin/../lib/gcc/nios2-elf/5.3.0/../../../../../H-x86_64-mingw32/nios2-elf/lib\libc.a(lib_a-findfp.o) (_fwalk)
c:/intelfpga_lite/18.1/nios2eds/bin/gnu/h-x86_64-mingw32/bin/../lib/gcc/nios2-elf/5.3.0/../../../../../H-x86_64-mingw32/nios2-elf/lib\libc.a(lib_a-impure.o)
                              c:/intelfpga_lite/18.1/nios2eds/bin/gnu/h-x86_64-mingw32/bin/../lib/gcc/nios2-elf/5.3.0/../../../../../H-x86_64-mingw32/nios2-elf/lib\libc.a(lib_a-findfp.o) (_global_impure_ptr)
c:/intelfpga_lite/18.1/nios2eds/bin/gnu/h-x86_64-mingw32/bin/../lib/gcc/nios2-elf/5.3.0/../../../../../H-x86_64-mingw32/nios2-elf/lib\libc.a(lib_a-mallocr.o)
                              c:/intelfpga_lite/18.1/nios2eds/bin/gnu/h-x86_64-mingw32/bin/../lib/gcc/nios2-elf/5.3.0/../../../../../H-x86_64-mingw32/nios2-elf/lib\libc.a(lib_a-findfp.o) (_malloc_r)
c:/intelfpga_lite/18.1/nios2eds/bin/gnu/h-x86_64-mingw32/bin/../lib/gcc/nios2-elf/5.3.0/../../../../../H-x86_64-mingw32/nios2-elf/lib\libc.a(lib_a-memchr.o)
                              c:/intelfpga_lite/18.1/nios2eds/bin/gnu/h-x86_64-mingw32/bin/../lib/gcc/nios2-elf/5.3.0/../../../../../H-x86_64-mingw32/nios2-elf/lib\libc.a(lib_a-fvwrite.o) (memchr)
c:/intelfpga_lite/18.1/nios2eds/bin/gnu/h-x86_64-mingw32/bin/../lib/gcc/nios2-elf/5.3.0/../../../../../H-x86_64-mingw32/nios2-elf/lib\libc.a(lib_a-memcpy.o)
                              c:/intelfpga_lite/18.1/nios2eds/bin/gnu/h-x86_64-mingw32/bin/../lib/gcc/nios2-elf/5.3.0/../../../../../H-x86_64-mingw32/nios2-elf/lib\libc.a(lib_a-fvwrite.o) (memcpy)
c:/intelfpga_lite/18.1/nios2eds/bin/gnu/h-x86_64-mingw32/bin/../lib/gcc/nios2-elf/5.3.0/../../../../../H-x86_64-mingw32/nios2-elf/lib\libc.a(lib_a-memmove.o)
                              c:/intelfpga_lite/18.1/nios2eds/bin/gnu/h-x86_64-mingw32/bin/../lib/gcc/nios2-elf/5.3.0/../../../../../H-x86_64-mingw32/nios2-elf/lib\libc.a(lib_a-fvwrite.o) (memmove)
c:/intelfpga_lite/18.1/nios2eds/bin/gnu/h-x86_64-mingw32/bin/../lib/gcc/nios2-elf/5.3.0/../../../../../H-x86_64-mingw32/nios2-elf/lib\libc.a(lib_a-memset.o)
                              c:/intelfpga_lite/18.1/nios2eds/bin/gnu/h-x86_64-mingw32/bin/../lib/gcc/nios2-elf/5.3.0/../../../../../H-x86_64-mingw32/nios2-elf/lib\libc.a(lib_a-findfp.o) (memset)
c:/intelfpga_lite/18.1/nios2eds/bin/gnu/h-x86_64-mingw32/bin/../lib/gcc/nios2-elf/5.3.0/../../../../../H-x86_64-mingw32/nios2-elf/lib\libc.a(lib_a-reallocr.o)
                              c:/intelfpga_lite/18.1/nios2eds/bin/gnu/h-x86_64-mingw32/bin/../lib/gcc/nios2-elf/5.3.0/../../../../../H-x86_64-mingw32/nios2-elf/lib\libc.a(lib_a-fvwrite.o) (_realloc_r)
c:/intelfpga_lite/18.1/nios2eds/bin/gnu/h-x86_64-mingw32/bin/../lib/gcc/nios2-elf/5.3.0/../../../../../H-x86_64-mingw32/nios2-elf/lib\libc.a(lib_a-sbrkr.o)
                              c:/intelfpga_lite/18.1/nios2eds/bin/gnu/h-x86_64-mingw32/bin/../lib/gcc/nios2-elf/5.3.0/../../../../../H-x86_64-mingw32/nios2-elf/lib\libc.a(lib_a-mallocr.o) (_sbrk_r)
c:/intelfpga_lite/18.1/nios2eds/bin/gnu/h-x86_64-mingw32/bin/../lib/gcc/nios2-elf/5.3.0/../../../../../H-x86_64-mingw32/nios2-elf/lib\libc.a(lib_a-stdio.o)
                              c:/intelfpga_lite/18.1/nios2eds/bin/gnu/h-x86_64-mingw32/bin/../lib/gcc/nios2-elf/5.3.0/../../../../../H-x86_64-mingw32/nios2-elf/lib\libc.a(lib_a-findfp.o) (__sread)
[...]
Memory Configuration

Name             Origin             Length             Attributes
sdram            0x0000000000000000 0x0000000004000000
reset            0x0000000020020000 0x0000000000000020
onchip_memory2   0x0000000020020020 0x000000000001f3e0
*default*        0x0000000000000000 0xffffffffffffffff

Linker script and memory map

LOAD ../hello_bsp//obj/HAL/src/crt0.o
LOAD obj/default/hello_ucosii.o
LOAD c:/intelfpga_lite/18.1/nios2eds/bin/gnu/h-x86_64-mingw32/bin/../lib/gcc/nios2-elf/5.3.0/../../../../../H-x86_64-mingw32/nios2-elf/lib\libstdc++.a
LOAD c:/intelfpga_lite/18.1/nios2eds/bin/gnu/h-x86_64-mingw32/bin/../lib/gcc/nios2-elf/5.3.0/../../../../../H-x86_64-mingw32/nios2-elf/lib\libm.a
LOAD c:/intelfpga_lite/18.1/nios2eds/bin/gnu/h-x86_64-mingw32/bin/../lib/gcc/nios2-elf/5.3.0\libgcc.a
START GROUP
LOAD c:/intelfpga_lite/18.1/nios2eds/bin/gnu/h-x86_64-mingw32/bin/../lib/gcc/nios2-elf/5.3.0/../../../../../H-x86_64-mingw32/nios2-elf/lib\libc.a
LOAD c:/intelfpga_lite/18.1/nios2eds/bin/gnu/h-x86_64-mingw32/bin/../lib/gcc/nios2-elf/5.3.0\libgcc.a
LOAD ../hello_bsp/\libucosii_bsp.a
LOAD c:/intelfpga_lite/18.1/nios2eds/bin/gnu/h-x86_64-mingw32/bin/../lib/gcc/nios2-elf/5.3.0/../../../../../H-x86_64-mingw32/nios2-elf/lib\libm.a
END GROUP
LOAD c:/intelfpga_lite/18.1/nios2eds/bin/gnu/h-x86_64-mingw32/bin/../lib/gcc/nios2-elf/5.3.0\libgcc.a
                0x0000000000000000                __alt_mem_sdram = 0x0
                0x0000000020020000                __alt_mem_onchip_memory2 = 0x20020000

.entry          0x0000000020020000       0x20
 *(.entry)
 .entry         0x0000000020020000       0x20 ../hello_bsp//obj/HAL/src/crt0.o
                0x0000000020020000                __reset

.exceptions     0x0000000020020020      0x1a0
                0x0000000020020020                PROVIDE (__ram_exceptions_start, ABSOLUTE (.))
                0x0000000020020020                . = ALIGN (0x20)
 *(.irq)
 *(.exceptions.entry.label)
 .exceptions.entry.label
                0x0000000020020020        0x0 ../hello_bsp/\libucosii_bsp.a(alt_irq_entry.o)
                0x0000000020020020                alt_irq_entry
 .exceptions.entry.label
                0x0000000020020020        0x0 ../hello_bsp/\libucosii_bsp.a(alt_exception_entry.o)
                0x0000000020020020                alt_exception
 *(.exceptions.entry.user)
 *(.exceptions.entry.ecc_fatal)
 *(.exceptions.entry)
 .exceptions.entry
                0x0000000020020020       0x54 ../hello_bsp/\libucosii_bsp.a(alt_exception_entry.o)
 *(.exceptions.irqtest.user)
 *(.exceptions.irqtest)
 .exceptions.irqtest
                0x0000000020020074       0x10 ../hello_bsp/\libucosii_bsp.a(alt_irq_entry.o)
 *(.exceptions.irqhandler.user)
 *(.exceptions.irqhandler)
 .exceptions.irqhandler
                0x0000000020020084        0x4 ../hello_bsp/\libucosii_bsp.a(alt_irq_entry.o)
 *(.exceptions.irqreturn.user)
 *(.exceptions.irqreturn)
 .exceptions.irqreturn
                0x0000000020020088        0x4 ../hello_bsp/\libucosii_bsp.a(alt_irq_entry.o)
 *(.exceptions.notirq.label)
 .exceptions.notirq.label
                0x000000002002008c        0x0 ../hello_bsp/\libucosii_bsp.a(alt_irq_entry.o)
 *(.exceptions.notirq.user)
 *(.exceptions.notirq)
 .exceptions.notirq
                0x000000002002008c        0x8 ../hello_bsp/\libucosii_bsp.a(alt_exception_entry.o)
 *(.exceptions.soft.user)
 *(.exceptions.soft)
 *(.exceptions.unknown.user)
 *(.exceptions.unknown)
 .exceptions.unknown
                0x0000000020020094        0x4 ../hello_bsp/\libucosii_bsp.a(alt_exception_entry.o)
 *(.exceptions.exit.label)
 .exceptions.exit.label
                0x0000000020020098        0x0 ../hello_bsp/\libucosii_bsp.a(alt_irq_entry.o)
 .exceptions.exit.label
                0x0000000020020098        0x0 ../hello_bsp/\libucosii_bsp.a(alt_exception_entry.o)
 *(.exceptions.exit.user)
 *(.exceptions.exit)
 .exceptions.exit
                0x0000000020020098       0x54 ../hello_bsp/\libucosii_bsp.a(alt_exception_entry.o)
 *(.exceptions)
 .exceptions    0x00000000200200ec       0xd4 ../hello_bsp/\libucosii_bsp.a(alt_irq_handler.o)
                0x00000000200200ec                alt_irq_handler
                0x00000000200201c0                PROVIDE (__ram_exceptions_end, ABSOLUTE (.))
                0x0000000020020020                PROVIDE (__flash_exceptions_start, LOADADDR (.exceptions))

.text           0x00000000200201c0     0xd798
                [!provide]                        PROVIDE (stext, ABSOLUTE (.))
 *(.interp)
 *(.hash)
 *(.dynsym)
 *(.dynstr)
 *(.gnu.version)
 *(.gnu.version_d)
 *(.gnu.version_r)
 *(.rel.init)
 *(.rela.init)
 *(.rel.text .rel.text.* .rel.gnu.linkonce.t.*)
 *(.rela.text .rela.text.* .rela.gnu.linkonce.t.*)
 *(.rel.fini)
 *(.rela.fini)
 *(.rel.rodata .rel.rodata.* .rel.gnu.linkonce.r.*)
 *(.rela.rodata .rela.rodata.* .rela.gnu.linkonce.r.*)
 *(.rel.data .rel.data.* .rel.gnu.linkonce.d.*)
 *(.rela.data .rela.data.* .rela.gnu.linkonce.d.*)
 *(.rel.tdata .rel.tdata.* .rel.gnu.linkonce.td.*)
 *(.rela.tdata .rela.tdata.* .rela.gnu.linkonce.td.*)
 *(.rel.tbss .rel.tbss.* .rel.gnu.linkonce.tb.*)
 *(.rela.tbss .rela.tbss.* .rela.gnu.linkonce.tb.*)
 *(.rel.ctors)
 *(.rela.ctors)
 *(.rel.dtors)
 *(.rela.dtors)
 *(.rel.got)
 *(.rela.got)
 *(.rel.sdata .rel.sdata.* .rel.gnu.linkonce.s.*)
 *(.rela.sdata .rela.sdata.* .rela.gnu.linkonce.s.*)
 *(.rel.sbss .rel.sbss.* .rel.gnu.linkonce.sb.*)
 *(.rela.sbss .rela.sbss.* .rela.gnu.linkonce.sb.*)
 *(.rel.sdata2 .rel.sdata2.* .rel.gnu.linkonce.s2.*)
 *(.rela.sdata2 .rela.sdata2.* .rela.gnu.linkonce.s2.*)
 *(.rel.sbss2 .rel.sbss2.* .rel.gnu.linkonce.sb2.*)
 *(.rela.sbss2 .rela.sbss2.* .rela.gnu.linkonce.sb2.*)
 *(.rel.bss .rel.bss.* .rel.gnu.linkonce.b.*)
 *(.rela.bss .rela.bss.* .rela.gnu.linkonce.b.*)
 *(.rel.plt)
 *(.rela.plt)
 *(.rel.dyn)
 *(.init)
 *(.plt)
 *(.text .stub .text.* .gnu.linkonce.t.*)
 .text          0x00000000200201c0       0x4c ../hello_bsp//obj/HAL/src/crt0.o
                0x00000000200201c0                _start
 .text          0x000000002002020c      0x150 obj/default/hello_ucosii.o
                0x000000002002020c                task1
                0x0000000020020250                task2
                0x0000000020020298                main
 .text          0x000000002002035c        0x0 c:/intelfpga_lite/18.1/nios2eds/bin/gnu/h-x86_64-mingw32/bin/../lib/gcc/nios2-elf/5.3.0/../../../../../H-x86_64-mingw32/nios2-elf/lib\libc.a(lib_a-puts.o)
 .text._puts_r  0x000000002002035c       0xc0 c:/intelfpga_lite/18.1/nios2eds/bin/gnu/h-x86_64-mingw32/bin/../lib/gcc/nios2-elf/5.3.0/../../../../../H-x86_64-mingw32/nios2-elf/lib\libc.a(lib_a-puts.o)
                0x000000002002035c                _puts_r
 .text.puts     0x000000002002041c       0x14 c:/intelfpga_lite/18.1/nios2eds/bin/gnu/h-x86_64-mingw32/bin/../lib/gcc/nios2-elf/5.3.0/../../../../../H-x86_64-mingw32/nios2-elf/lib\libc.a(lib_a-puts.o)
                0x000000002002041c                puts
 .text          0x0000000020020430        0x0 c:/intelfpga_lite/18.1/nios2eds/bin/gnu/h-x86_64-mingw32/bin/../lib/gcc/nios2-elf/5.3.0/../../../../../H-x86_64-mingw32/nios2-elf/lib\libc.a(lib_a-strlen.o)
 .text.strlen   0x0000000020020430       0x98 c:/intelfpga_lite/18.1/nios2eds/bin/gnu/h-x86_64-mingw32/bin/../lib/gcc/nios2-elf/5.3.0/../../../../../H-x86_64-mingw32/nios2-elf/lib\libc.a(lib_a-strlen.o)
                0x0000000020020430                strlen
 .text          0x00000000200204c8        0x0 c:/intelfpga_lite/18.1/nios2eds/bin/gnu/h-x86_64-mingw32/bin/../lib/gcc/nios2-elf/5.3.0/../../../../../H-x86_64-mingw32/nios2-elf/lib\libc.a(lib_a-findfp.o)
 .text.__fp_unlock
                0x00000000200204c8        0x8 c:/intelfpga_lite/18.1/nios2eds/bin/gnu/h-x86_64-mingw32/bin/../lib/gcc/nios2-elf/5.3.0/../../../../../H-x86_64-mingw32/nios2-elf/lib\libc.a(lib_a-findfp.o)
 .text._cleanup_r
                0x00000000200204d0        0xc c:/intelfpga_lite/18.1/nios2eds/bin/gnu/h-x86_64-mingw32/bin/../lib/gcc/nios2-elf/5.3.0/../../../../../H-x86_64-mingw32/nios2-elf/lib\libc.a(lib_a-findfp.o)
                0x00000000200204d0                _cleanup_r
 .text.__sinit.part.1
                0x00000000200204dc      0x19c c:/intelfpga_lite/18.1/nios2eds/bin/gnu/h-x86_64-mingw32/bin/../lib/gcc/nios2-elf/5.3.0/../../../../../H-x86_64-mingw32/nios2-elf/lib\libc.a(lib_a-findfp.o)
 .text.__fp_lock
                0x0000000020020678        0x8 c:/intelfpga_lite/18.1/nios2eds/bin/gnu/h-x86_64-mingw32/bin/../lib/gcc/nios2-elf/5.3.0/../../../../../H-x86_64-mingw32/nios2-elf/lib\libc.a(lib_a-findfp.o)
 .text.__sfmoreglue
                0x0000000020020680       0x68 c:/intelfpga_lite/18.1/nios2eds/bin/gnu/h-x86_64-mingw32/bin/../lib/gcc/nios2-elf/5.3.0/../../../../../H-x86_64-mingw32/nios2-elf/lib\libc.a(lib_a-findfp.o)
                0x0000000020020680                __sfmoreglue
 .text.__sfp    0x00000000200206e8      0x118 c:/intelfpga_lite/18.1/nios2eds/bin/gnu/h-x86_64-mingw32/bin/../lib/gcc/nios2-elf/5.3.0/../../../../../H-x86_64-mingw32/nios2-elf/lib\libc.a(lib_a-findfp.o)
                0x00000000200206e8                __sfp
 .text._cleanup
                0x0000000020020800       0x18 c:/intelfpga_lite/18.1/nios2eds/bin/gnu/h-x86_64-mingw32/bin/../lib/gcc/nios2-elf/5.3.0/../../../../../H-x86_64-mingw32/nios2-elf/lib\libc.a(lib_a-findfp.o)
                0x0000000020020800                _cleanup
 .text.__sinit  0x0000000020020818       0x10 c:/intelfpga_lite/18.1/nios2eds/bin/gnu/h-x86_64-mingw32/bin/../lib/gcc/nios2-elf/5.3.0/../../../../../H-x86_64-mingw32/nios2-elf/lib\libc.a(lib_a-findfp.o)
                0x0000000020020818                __sinit
 .text.__sfp_lock_acquire
                0x0000000020020828        0x4 c:/intelfpga_lite/18.1/nios2eds/bin/gnu/h-x86_64-mingw32/bin/../lib/gcc/nios2-elf/5.3.0/../../../../../H-x86_64-mingw32/nios2-elf/lib\libc.a(lib_a-findfp.o)
                0x0000000020020828                __sfp_lock_acquire
 .text.__sfp_lock_release
                0x000000002002082c        0x4 c:/intelfpga_lite/18.1/nios2eds/bin/gnu/h-x86_64-mingw32/bin/../lib/gcc/nios2-elf/5.3.0/../../../../../H-x86_64-mingw32/nios2-elf/lib\libc.a(lib_a-findfp.o)
                0x000000002002082c                __sfp_lock_release
 .text.__sinit_lock_acquire
                0x0000000020020830        0x4 c:/intelfpga_lite/18.1/nios2eds/bin/gnu/h-x86_64-mingw32/bin/../lib/gcc/nios2-elf/5.3.0/../../../../../H-x86_64-mingw32/nios2-elf/lib\libc.a(lib_a-findfp.o)
                0x0000000020020830                __sinit_lock_acquire
 .text.__sinit_lock_release
                0x0000000020020834        0x4 c:/intelfpga_lite/18.1/nios2eds/bin/gnu/h-x86_64-mingw32/bin/../lib/gcc/nios2-elf/5.3.0/../../../../../H-x86_64-mingw32/nios2-elf/lib\libc.a(lib_a-findfp.o)
                0x0000000020020834                __sinit_lock_release
 .text.__fp_lock_all
                0x0000000020020838       0x18 c:/intelfpga_lite/18.1/nios2eds/bin/gnu/h-x86_64-mingw32/bin/../lib/gcc/nios2-elf/5.3.0/../../../../../H-x86_64-mingw32/nios2-elf/lib\libc.a(lib_a-findfp.o)
                0x0000000020020838                __fp_lock_all
 .text.__fp_unlock_all
                0x0000000020020850       0x18 c:/intelfpga_lite/18.1/nios2eds/bin/gnu/h-x86_64-mingw32/bin/../lib/gcc/nios2-elf/5.3.0/../../../../../H-x86_64-mingw32/nios2-elf/lib\libc.a(lib_a-findfp.o)
                0x0000000020020850                __fp_unlock_all
 .text          0x0000000020020868        0x0 c:/intelfpga_lite/18.1/nios2eds/bin/gnu/h-x86_64-mingw32/bin/../lib/gcc/nios2-elf/5.3.0/../../../../../H-x86_64-mingw32/nios2-elf/lib\libc.a(lib_a-fvwrite.o)
 .text.__sfvwrite_r
                0x0000000020020868      0x4bc c:/intelfpga_lite/18.1/nios2eds/bin/gnu/h-x86_64-mingw32/bin/../lib/gcc/nios2-elf/5.3.0/../../../../../H-x86_64-mingw32/nios2-elf/lib\libc.a(lib_a-fvwrite.o)
                0x0000000020020868                __sfvwrite_r
 .text          0x0000000020020d24        0x0 c:/intelfpga_lite/18.1/nios2eds/bin/gnu/h-x86_64-mingw32/bin/../lib/gcc/nios2-elf/5.3.0/../../../../../H-x86_64-mingw32/nios2-elf/lib\libc.a(lib_a-fwalk.o)
 .text._fwalk   0x0000000020020d24       0xc4 c:/intelfpga_lite/18.1/nios2eds/bin/gnu/h-x86_64-mingw32/bin/../lib/gcc/nios2-elf/5.3.0/../../../../../H-x86_64-mingw32/nios2-elf/lib\libc.a(lib_a-fwalk.o)
                0x0000000020020d24                _fwalk
 .text._fwalk_reent
                0x0000000020020de8       0xc4 c:/intelfpga_lite/18.1/nios2eds/bin/gnu/h-x86_64-mingw32/bin/../lib/gcc/nios2-elf/5.3.0/../../../../../H-x86_64-mingw32/nios2-elf/lib\libc.a(lib_a-fwalk.o)
                0x0000000020020de8                _fwalk_reent
 .text          0x0000000020020eac        0x0 c:/intelfpga_lite/18.1/nios2eds/bin/gnu/h-x86_64-mingw32/bin/../lib/gcc/nios2-elf/5.3.0/../../../../../H-x86_64-mingw32/nios2-elf/lib\libc.a(lib_a-impure.o)
 .text          0x0000000020020eac        0x0 c:/intelfpga_lite/18.1/nios2eds/bin/gnu/h-x86_64-mingw32/bin/../lib/gcc/nios2-elf/5.3.0/../../../../../H-x86_64-mingw32/nios2-elf/lib\libc.a(lib_a-mallocr.o)
 .text._malloc_r
                0x0000000020020eac      0x80c c:/intelfpga_lite/18.1/nios2eds/bin/gnu/h-x86_64-mingw32/bin/../lib/gcc/nios2-elf/5.3.0/../../../../../H-x86_64-mingw32/nios2-elf/lib\libc.a(lib_a-mallocr.o)
                0x0000000020020eac                _malloc_r
 .text          0x00000000200216b8        0x0 c:/intelfpga_lite/18.1/nios2eds/bin/gnu/h-x86_64-mingw32/bin/../lib/gcc/nios2-elf/5.3.0/../../../../../H-x86_64-mingw32/nios2-elf/lib\libc.a(lib_a-memchr.o)
 .text.memchr   0x00000000200216b8       0xe4 c:/intelfpga_lite/18.1/nios2eds/bin/gnu/h-x86_64-mingw32/bin/../lib/gcc/nios2-elf/5.3.0/../../../../../H-x86_64-mingw32/nios2-elf/lib\libc.a(lib_a-memchr.o)
                0x00000000200216b8                memchr
 .text          0x000000002002179c        0x0 c:/intelfpga_lite/18.1/nios2eds/bin/gnu/h-x86_64-mingw32/bin/../lib/gcc/nios2-elf/5.3.0/../../../../../H-x86_64-mingw32/nios2-elf/lib\libc.a(lib_a-memcpy.o)
 .text.memcpy   0x000000002002179c      0x148 c:/intelfpga_lite/18.1/nios2eds/bin/gnu/h-x86_64-mingw32/bin/../lib/gcc/nios2-elf/5.3.0/../../../../../H-x86_64-mingw32/nios2-elf/lib\libc.a(lib_a-memcpy.o)
                0x000000002002179c                memcpy
 .text          0x00000000200218e4        0x0 c:/intelfpga_lite/18.1/nios2eds/bin/gnu/h-x86_64-mingw32/bin/../lib/gcc/nios2-elf/5.3.0/../../../../../H-x86_64-mingw32/nios2-elf/lib\libc.a(lib_a-memmove.o)
 .text.memmove  0x00000000200218e4      0x15c c:/intelfpga_lite/18.1/nios2eds/bin/gnu/h-x86_64-mingw32/bin/../lib/gcc/nios2-elf/5.3.0/../../../../../H-x86_64-mingw32/nios2-elf/lib\libc.a(lib_a-memmove.o)
                0x00000000200218e4                memmove
 .text          0x0000000020021a40        0x0 c:/intelfpga_lite/18.1/nios2eds/bin/gnu/h-x86_64-mingw32/bin/../lib/gcc/nios2-elf/5.3.0/../../../../../H-x86_64-mingw32/nios2-elf/lib\libc.a(lib_a-memset.o)
 .text.memset   0x0000000020021a40      0x128 c:/intelfpga_lite/18.1/nios2eds/bin/gnu/h-x86_64-mingw32/bin/../lib/gcc/nios2-elf/5.3.0/../../../../../H-x86_64-mingw32/nios2-elf/lib\libc.a(lib_a-memset.o)
                0x0000000020021a40                memset
 .text          0x0000000020021b68        0x0 c:/intelfpga_lite/18.1/nios2eds/bin/gnu/h-x86_64-mingw32/bin/../lib/gcc/nios2-elf/5.3.0/../../../../../H-x86_64-mingw32/nios2-elf/lib\libc.a(lib_a-reallocr.o)
 .text._realloc_r
                0x0000000020021b68      0x564 c:/intelfpga_lite/18.1/nios2eds/bin/gnu/h-x86_64-mingw32/bin/../lib/gcc/nios2-elf/5.3.0/../../../../../H-x86_64-mingw32/nios2-elf/lib\libc.a(lib_a-reallocr.o)
                0x0000000020021b68                _realloc_r
 .text          0x00000000200220cc        0x0 c:/intelfpga_lite/18.1/nios2eds/bin/gnu/h-x86_64-mingw32/bin/../lib/gcc/nios2-elf/5.3.0/../../../../../H-x86_64-mingw32/nios2-elf/lib\libc.a(lib_a-sbrkr.o)
 .text._sbrk_r  0x00000000200220cc       0x54 c:/intelfpga_lite/18.1/nios2eds/bin/gnu/h-x86_64-mingw32/bin/../lib/gcc/nios2-elf/5.3.0/../../../../../H-x86_64-mingw32/nios2-elf/lib\libc.a(lib_a-sbrkr.o)
                0x00000000200220cc                _sbrk_r
 .text          0x0000000020022120        0x0 c:/intelfpga_lite/18.1/nios2eds/bin/gnu/h-x86_64-mingw32/bin/../lib/gcc/nios2-elf/5.3.0/../../../../../H-x86_64-mingw32/nios2-elf/lib\libc.a(lib_a-stdio.o)
 .text.__sread  0x0000000020022120       0x54 c:/intelfpga_lite/18.1/nios2eds/bin/gnu/h-x86_64-mingw32/bin/../lib/gcc/nios2-elf/5.3.0/../../../../../H-x86_64-mingw32/nios2-elf/lib\libc.a(lib_a-stdio.o)
                0x0000000020022120                __sread
 .text.__seofread
                0x0000000020022174        0x8 c:/intelfpga_lite/18.1/nios2eds/bin/gnu/h-x86_64-mingw32/bin/../lib/gcc/nios2-elf/5.3.0/../../../../../H-x86_64-mingw32/nios2-elf/lib\libc.a(lib_a-stdio.o)
                0x0000000020022174                __seofread
 .text.__swrite
                0x000000002002217c       0x7c c:/intelfpga_lite/18.1/nios2eds/bin/gnu/h-x86_64-mingw32/bin/../lib/gcc/nios2-elf/5.3.0/../../../../../H-x86_64-mingw32/nios2-elf/lib\libc.a(lib_a-stdio.o)
                0x000000002002217c                __swrite
 .text.__sseek  0x00000000200221f8       0x5c c:/intelfpga_lite/18.1/nios2eds/bin/gnu/h-x86_64-mingw32/bin/../lib/gcc/nios2-elf/5.3.0/../../../../../H-x86_64-mingw32/nios2-elf/lib\libc.a(lib_a-stdio.o)
                0x00000000200221f8                __sseek
 .text.__sclose
                0x0000000020022254        0x8 c:/intelfpga_lite/18.1/nios2eds/bin/gnu/h-x86_64-mingw32/bin/../lib/gcc/nios2-elf/5.3.0/../../../../../H-x86_64-mingw32/nios2-elf/lib\libc.a(lib_a-stdio.o)
                0x0000000020022254                __sclose
 .text          0x000000002002225c        0x0 c:/intelfpga_lite/18.1/nios2eds/bin/gnu/h-x86_64-mingw32/bin/../lib/gcc/nios2-elf/5.3.0/../../../../../H-x86_64-mingw32/nios2-elf/lib\libc.a(lib_a-writer.o)
 .text._write_r
                0x000000002002225c       0x60 c:/intelfpga_lite/18.1/nios2eds/bin/gnu/h-x86_64-mingw32/bin/../lib/gcc/nios2-elf/5.3.0/../../../../../H-x86_64-mingw32/nios2-elf/lib\libc.a(lib_a-writer.o)
                0x000000002002225c                _write_r
 .text          0x00000000200222bc        0x0 c:/intelfpga_lite/18.1/nios2eds/bin/gnu/h-x86_64-mingw32/bin/../lib/gcc/nios2-elf/5.3.0/../../../../../H-x86_64-mingw32/nios2-elf/lib\libc.a(lib_a-wsetup.o)
 .text.__swsetup_r
                0x00000000200222bc      0x154 c:/intelfpga_lite/18.1/nios2eds/bin/gnu/h-x86_64-mingw32/bin/../lib/gcc/nios2-elf/5.3.0/../../../../../H-x86_64-mingw32/nios2-elf/lib\libc.a(lib_a-wsetup.o)
                0x00000000200222bc                __swsetup_r
 .text          0x0000000020022410        0x0 c:/intelfpga_lite/18.1/nios2eds/bin/gnu/h-x86_64-mingw32/bin/../lib/gcc/nios2-elf/5.3.0/../../../../../H-x86_64-mingw32/nios2-elf/lib\libc.a(closer.o)
 .text._close_r
                0x0000000020022410       0x54 c:/intelfpga_lite/18.1/nios2eds/bin/gnu/h-x86_64-mingw32/bin/../lib/gcc/nios2-elf/5.3.0/../../../../../H-x86_64-mingw32/nios2-elf/lib\libc.a(closer.o)
                0x0000000020022410                _close_r
 .text          0x0000000020022464        0x0 c:/intelfpga_lite/18.1/nios2eds/bin/gnu/h-x86_64-mingw32/bin/../lib/gcc/nios2-elf/5.3.0/../../../../../H-x86_64-mingw32/nios2-elf/lib\libc.a(lib_a-fclose.o)
 .text._fclose_r
                0x0000000020022464       0xf0 c:/intelfpga_lite/18.1/nios2eds/bin/gnu/h-x86_64-mingw32/bin/../lib/gcc/nios2-elf/5.3.0/../../../../../H-x86_64-mingw32/nios2-elf/lib\libc.a(lib_a-fclose.o)
                0x0000000020022464                _fclose_r
 .text.fclose   0x0000000020022554       0x14 c:/intelfpga_lite/18.1/nios2eds/bin/gnu/h-x86_64-mingw32/bin/../lib/gcc/nios2-elf/5.3.0/../../../../../H-x86_64-mingw32/nios2-elf/lib\libc.a(lib_a-fclose.o)
                0x0000000020022554                fclose
 .text          0x0000000020022568        0x0 c:/intelfpga_lite/18.1/nios2eds/bin/gnu/h-x86_64-mingw32/bin/../lib/gcc/nios2-elf/5.3.0/../../../../../H-x86_64-mingw32/nios2-elf/lib\libc.a(lib_a-fflush.o)
 .text.__sflush_r
                0x0000000020022568      0x21c c:/intelfpga_lite/18.1/nios2eds/bin/gnu/h-x86_64-mingw32/bin/../lib/gcc/nios2-elf/5.3.0/../../../../../H-x86_64-mingw32/nios2-elf/lib\libc.a(lib_a-fflush.o)
                0x0000000020022568                __sflush_r
 .text._fflush_r
                0x0000000020022784       0x5c c:/intelfpga_lite/18.1/nios2eds/bin/gnu/h-x86_64-mingw32/bin/../lib/gcc/nios2-elf/5.3.0/../../../../../H-x86_64-mingw32/nios2-elf/lib\libc.a(lib_a-fflush.o)
                0x0000000020022784                _fflush_r
 .text.fflush   0x00000000200227e0       0x30 c:/intelfpga_lite/18.1/nios2eds/bin/gnu/h-x86_64-mingw32/bin/../lib/gcc/nios2-elf/5.3.0/../../../../../H-x86_64-mingw32/nios2-elf/lib\libc.a(lib_a-fflush.o)
                0x00000000200227e0                fflush
 .text          0x0000000020022810        0x0 c:/intelfpga_lite/18.1/nios2eds/bin/gnu/h-x86_64-mingw32/bin/../lib/gcc/nios2-elf/5.3.0/../../../../../H-x86_64-mingw32/nios2-elf/lib\libc.a(lib_a-freer.o)
 .text._malloc_trim_r
                0x0000000020022810      0x124 c:/intelfpga_lite/18.1/nios2eds/bin/gnu/h-x86_64-mingw32/bin/../lib/gcc/nios2-elf/5.3.0/../../../../../H-x86_64-mingw32/nios2-elf/lib\libc.a(lib_a-freer.o)
                0x0000000020022810                _malloc_trim_r
 .text._free_r  0x0000000020022934      0x310 c:/intelfpga_lite/18.1/nios2eds/bin/gnu/h-x86_64-mingw32/bin/../lib/gcc/nios2-elf/5.3.0/../../../../../H-x86_64-mingw32/nios2-elf/lib\libc.a(lib_a-freer.o)
                0x0000000020022934                _free_r
 .text          0x0000000020022c44        0x0 c:/intelfpga_lite/18.1/nios2eds/bin/gnu/h-x86_64-mingw32/bin/../lib/gcc/nios2-elf/5.3.0/../../../../../H-x86_64-mingw32/nios2-elf/lib\libc.a(lib_a-int_errno.o)
 .text          0x0000000020022c44        0x0 c:/intelfpga_lite/18.1/nios2eds/bin/gnu/h-x86_64-mingw32/bin/../lib/gcc/nios2-elf/5.3.0/../../../../../H-x86_64-mingw32/nios2-elf/lib\libc.a(lib_a-lseekr.o)
 .text._lseek_r
                0x0000000020022c44       0x60 c:/intelfpga_lite/18.1/nios2eds/bin/gnu/h-x86_64-mingw32/bin/../lib/gcc/nios2-elf/5.3.0/../../../../../H-x86_64-mingw32/nios2-elf/lib\libc.a(lib_a-lseekr.o)
                0x0000000020022c44                _lseek_r
 .text          0x0000000020022ca4        0x0 c:/intelfpga_lite/18.1/nios2eds/bin/gnu/h-x86_64-mingw32/bin/../lib/gcc/nios2-elf/5.3.0/../../../../../H-x86_64-mingw32/nios2-elf/lib\libc.a(lib_a-makebuf.o)
 .text.__smakebuf_r
                0x0000000020022ca4      0x1bc c:/intelfpga_lite/18.1/nios2eds/bin/gnu/h-x86_64-mingw32/bin/../lib/gcc/nios2-elf/5.3.0/../../../../../H-x86_64-mingw32/nios2-elf/lib\libc.a(lib_a-makebuf.o)
                0x0000000020022ca4                __smakebuf_r
 .text          0x0000000020022e60        0x0 c:/intelfpga_lite/18.1/nios2eds/bin/gnu/h-x86_64-mingw32/bin/../lib/gcc/nios2-elf/5.3.0/../../../../../H-x86_64-mingw32/nios2-elf/lib\libc.a(lib_a-readr.o)
 .text._read_r  0x0000000020022e60       0x60 c:/intelfpga_lite/18.1/nios2eds/bin/gnu/h-x86_64-mingw32/bin/../lib/gcc/nios2-elf/5.3.0/../../../../../H-x86_64-mingw32/nios2-elf/lib\libc.a(lib_a-readr.o)
                0x0000000020022e60                _read_r
 .text          0x0000000020022ec0        0x0 c:/intelfpga_lite/18.1/nios2eds/bin/gnu/h-x86_64-mingw32/bin/../lib/gcc/nios2-elf/5.3.0/../../../../../H-x86_64-mingw32/nios2-elf/lib\libc.a(lib_a-fstatr.o)
 .text._fstat_r
                0x0000000020022ec0       0x5c c:/intelfpga_lite/18.1/nios2eds/bin/gnu/h-x86_64-mingw32/bin/../lib/gcc/nios2-elf/5.3.0/../../../../../H-x86_64-mingw32/nios2-elf/lib\libc.a(lib_a-fstatr.o)
                0x0000000020022ec0                _fstat_r
 .text          0x0000000020022f1c        0x0 c:/intelfpga_lite/18.1/nios2eds/bin/gnu/h-x86_64-mingw32/bin/../lib/gcc/nios2-elf/5.3.0/../../../../../H-x86_64-mingw32/nios2-elf/lib\libc.a(lib_a-isattyr.o)
 .text._isatty_r
                0x0000000020022f1c       0x54 c:/intelfpga_lite/18.1/nios2eds/bin/gnu/h-x86_64-mingw32/bin/../lib/gcc/nios2-elf/5.3.0/../../../../../H-x86_64-mingw32/nios2-elf/lib\libc.a(lib_a-isattyr.o)
                0x0000000020022f1c                _isatty_r
 .text          0x0000000020022f70      0x1b4 c:/intelfpga_lite/18.1/nios2eds/bin/gnu/h-x86_64-mingw32/bin/../lib/gcc/nios2-elf/5.3.0\libgcc.a(lib2-divmod.o)
                0x0000000020022f70                __divsi3
                0x0000000020022ff4                __modsi3
                0x0000000020023068                __udivsi3
                0x00000000200230cc                __umodsi3
 .text          0x0000000020023124      0x10c ../hello_bsp/\libucosii_bsp.a(alt_close.o)
                0x0000000020023160                close
 .text          0x0000000020023230       0x2c ../hello_bsp/\libucosii_bsp.a(alt_dev.o)
 .text          0x000000002002325c        0x0 ../hello_bsp/\libucosii_bsp.a(alt_errno.o)
 .text          0x000000002002325c       0xec ../hello_bsp/\libucosii_bsp.a(alt_fstat.o)
                0x0000000020023298                fstat
 .text          0x0000000020023348       0xe0 ../hello_bsp/\libucosii_bsp.a(alt_isatty.o)
                0x0000000020023384                isatty
 .text          0x0000000020023428       0xec ../hello_bsp/\libucosii_bsp.a(alt_load.o)
                0x0000000020023490                alt_load
 .text          0x0000000020023514      0x110 ../hello_bsp/\libucosii_bsp.a(alt_lseek.o)
                0x0000000020023550                lseek
 .text          0x0000000020023624       0xbc ../hello_bsp/\libucosii_bsp.a(alt_main.o)
                0x0000000020023624                alt_main
 .text          0x00000000200236e0      0x138 ../hello_bsp/\libucosii_bsp.a(alt_read.o)
                0x000000002002371c                read
 .text          0x0000000020023818       0x64 ../hello_bsp/\libucosii_bsp.a(alt_release_fd.o)
                0x0000000020023818                alt_release_fd
 .text          0x000000002002387c       0xb0 ../hello_bsp/\libucosii_bsp.a(alt_sbrk.o)
                0x000000002002387c                sbrk
 .text          0x000000002002392c      0x134 ../hello_bsp/\libucosii_bsp.a(alt_write.o)
                0x0000000020023968                write
 .text          0x0000000020023a60      0x124 ../hello_bsp/\libucosii_bsp.a(alt_env_lock.o)
                0x0000000020023a60                __env_lock
                0x0000000020023b24                __env_unlock
 .text          0x0000000020023b84      0x1ec ../hello_bsp/\libucosii_bsp.a(alt_malloc_lock.o)
                0x0000000020023b84                __malloc_lock
                0x0000000020023ca4                __malloc_unlock
 .text          0x0000000020023d70     0x2014 ../hello_bsp/\libucosii_bsp.a(os_core.o)
                0x0000000020023d70                OSEventNameGet
                0x0000000020023e90                OSEventNameSet
                0x0000000020023fd0                OSEventPendMulti
                0x00000000200245e0                OSInit
                0x0000000020024638                OSIntEnter
                0x0000000020024684                OSIntExit
                0x000000002002477c                OSSchedLock
                0x0000000020024808                OSSchedUnlock
                0x00000000200248e4                OSStart
                0x0000000020024954                OSStatInit
                0x0000000020024a04                OSTimeTick
                0x0000000020024c24                OSVersion
                0x0000000020024c44                OS_Dummy
                0x0000000020024c64                OS_EventTaskRdy
                0x0000000020024dfc                OS_EventTaskWait
                0x0000000020024f0c                OS_EventTaskWaitMulti
                0x000000002002505c                OS_EventTaskRemove
                0x0000000020025114                OS_EventTaskRemoveMulti
                0x0000000020025214                OS_EventWaitListInit
                0x00000000200255f4                OS_MemClr
                0x0000000020025648                OS_MemCopy
                0x00000000200256b0                OS_Sched
                0x00000000200257f4                OS_StrCopy
                0x0000000020025868                OS_StrLen
                0x00000000200258bc                OS_TaskIdle
                0x0000000020025918                OS_TaskStat
                0x00000000200259e4                OS_TaskStatStkChk
                0x0000000020025ab0                OS_TCBInit
 .text          0x0000000020025d84      0x190 ../hello_bsp/\libucosii_bsp.a(os_dbg.o)
                0x0000000020025d84                OSDebugInit
 .text          0x0000000020025f14     0x1714 ../hello_bsp/\libucosii_bsp.a(os_flag.o)
                0x0000000020025f14                OSFlagAccept
                0x000000002002621c                OSFlagCreate
                0x0000000020026324                OSFlagDel
                0x000000002002656c                OSFlagNameGet
                0x0000000020026694                OSFlagNameSet
                0x00000000200267e0                OSFlagPend
                0x0000000020026d98                OSFlagPendGetFlagsRdy
                0x0000000020026df8                OSFlagPost
                0x000000002002718c                OSFlagQuery
                0x00000000200273b0                OS_FlagInit
                0x0000000020027584                OS_FlagUnlink
 .text          0x0000000020027628      0x754 ../hello_bsp/\libucosii_bsp.a(os_mem.o)
                0x0000000020027628                OSMemCreate
                0x00000000200277fc                OSMemGet
                0x00000000200278ec                OSMemNameGet
                0x00000000200279dc                OSMemNameSet
                0x0000000020027af0                OSMemPut
                0x0000000020027bc8                OSMemQuery
                0x0000000020027cb0                OS_MemInit
 .text          0x0000000020027d7c     0x1104 ../hello_bsp/\libucosii_bsp.a(os_q.o)
                0x0000000020027d7c                OSQAccept
                0x0000000020027ebc                OSQCreate
                0x0000000020028068                OSQDel
                0x00000000200282e8                OSQFlush
                0x00000000200283a0                OSQPend
                0x000000002002862c                OSQPendAbort
                0x0000000020028798                OSQPost
                0x0000000020028900                OSQPostFront
                0x0000000020028a70                OSQPostOpt
                0x0000000020028c7c                OSQQuery
                0x0000000020028dd8                OS_QInit
 .text          0x0000000020028e80      0xa60 ../hello_bsp/\libucosii_bsp.a(os_sem.o)
                0x0000000020028e80                OSSemAccept
                0x0000000020028f30                OSSemCreate
                0x0000000020029008                OSSemDel
                0x0000000020029248                OSSemPend
                0x0000000020029454                OSSemPendAbort
                0x00000000200295c0                OSSemPost
                0x00000000200296d0                OSSemQuery
                0x00000000200297e0                OSSemSet
 .text          0x00000000200298e0     0x176c ../hello_bsp/\libucosii_bsp.a(os_task.o)
                0x00000000200298e0                OSTaskChangePrio
                0x0000000020029dd0                OSTaskCreate
                0x0000000020029f7c                OSTaskCreateExt
                0x000000002002a160                OSTaskDel
                0x000000002002a4a4                OSTaskDelReq
                0x000000002002a5f4                OSTaskNameGet
                0x000000002002a78c                OSTaskNameSet
                0x000000002002a940                OSTaskResume
                0x000000002002ab14                OSTaskStkChk
                0x000000002002acd4                OSTaskSuspend
                0x000000002002aeb8                OSTaskQuery
                0x000000002002afdc                OS_TaskStkClr
 .text          0x000000002002b04c      0x4e8 ../hello_bsp/\libucosii_bsp.a(os_time.o)
                0x000000002002b04c                OSTimeDly
                0x000000002002b150                OSTimeDlyHMSM
                0x000000002002b2a4                OSTimeDlyResume
                0x000000002002b478                OSTimeGet
                0x000000002002b4d4                OSTimeSet
 .text          0x000000002002b534       0xd0 ../hello_bsp/\libucosii_bsp.a(alt_sys_init.o)
                0x000000002002b568                alt_irq_init
                0x000000002002b5a0                alt_sys_init
 .text          0x000000002002b604      0x164 ../hello_bsp/\libucosii_bsp.a(altera_avalon_jtag_uart_fd.o)
                0x000000002002b604                altera_avalon_jtag_uart_read_fd
                0x000000002002b664                altera_avalon_jtag_uart_write_fd
                0x000000002002b6c4                altera_avalon_jtag_uart_close_fd
                0x000000002002b714                altera_avalon_jtag_uart_ioctl_fd
 .text          0x000000002002b768      0x558 ../hello_bsp/\libucosii_bsp.a(altera_avalon_jtag_uart_init.o)
                0x000000002002b768                altera_avalon_jtag_uart_init
                0x000000002002bc58                altera_avalon_jtag_uart_close
 .text          0x000000002002bcc0       0xf0 ../hello_bsp/\libucosii_bsp.a(altera_avalon_jtag_uart_ioctl.o)
                0x000000002002bcc0                altera_avalon_jtag_uart_ioctl
 .text          0x000000002002bdb0      0x2bc ../hello_bsp/\libucosii_bsp.a(altera_avalon_jtag_uart_read.o)
                0x000000002002bdb0                altera_avalon_jtag_uart_read
 .text          0x000000002002c06c      0x2c4 ../hello_bsp/\libucosii_bsp.a(altera_avalon_jtag_uart_write.o)
                0x000000002002c06c                altera_avalon_jtag_uart_write
 .text          0x000000002002c330       0xf4 ../hello_bsp/\libucosii_bsp.a(altera_avalon_timer_sc.o)
                0x000000002002c3a8                alt_avalon_timer_sc_init
 .text          0x000000002002c424      0x12c ../hello_bsp/\libucosii_bsp.a(alt_alarm_start.o)
                0x000000002002c424                alt_alarm_start
 .text          0x000000002002c550       0x48 ../hello_bsp/\libucosii_bsp.a(alt_dcache_flush_all.o)
                0x000000002002c550                alt_dcache_flush_all
 .text          0x000000002002c598       0xe0 ../hello_bsp/\libucosii_bsp.a(alt_dev_llist_insert.o)
                0x000000002002c5d4                alt_dev_llist_insert
 .text          0x000000002002c678       0x60 ../hello_bsp/\libucosii_bsp.a(alt_do_ctors.o)
                0x000000002002c678                _do_ctors
 .text          0x000000002002c6d8       0x60 ../hello_bsp/\libucosii_bsp.a(alt_do_dtors.o)
                0x000000002002c6d8                _do_dtors
 .text          0x000000002002c738       0x34 ../hello_bsp/\libucosii_bsp.a(alt_icache_flush_all.o)
                0x000000002002c738                alt_icache_flush_all
 .text          0x000000002002c76c      0x1b0 ../hello_bsp/\libucosii_bsp.a(alt_iic.o)
                0x000000002002c76c                alt_ic_isr_register
                0x000000002002c7bc                alt_ic_irq_enable
                0x000000002002c844                alt_ic_irq_disable
                0x000000002002c8d0                alt_ic_irq_enabled
 .text          0x000000002002c91c       0xf0 ../hello_bsp/\libucosii_bsp.a(alt_iic_isr_register.o)
                0x000000002002c91c                alt_iic_isr_register
 .text          0x000000002002ca0c      0x140 ../hello_bsp/\libucosii_bsp.a(alt_io_redirect.o)
                0x000000002002cad0                alt_io_redirect
 .text          0x000000002002cb4c        0x0 ../hello_bsp/\libucosii_bsp.a(alt_irq_entry.o)
 .text          0x000000002002cb4c        0x0 ../hello_bsp/\libucosii_bsp.a(alt_irq_handler.o)
 .text          0x000000002002cb4c        0x0 ../hello_bsp/\libucosii_bsp.a(alt_irq_vars.o)
 .text          0x000000002002cb4c      0x254 ../hello_bsp/\libucosii_bsp.a(alt_open.o)
                0x000000002002cc4c                open
 .text          0x000000002002cda0      0x1a4 ../hello_bsp/\libucosii_bsp.a(alt_tick.o)
                0x000000002002cda0                alt_alarm_stop
                0x000000002002ce3c                alt_tick
 .text          0x000000002002cf44       0x24 ../hello_bsp/\libucosii_bsp.a(altera_nios2_qsys_irq.o)
                0x000000002002cf44                altera_nios2_qsys_irq_init
 .text          0x000000002002cf68       0xd0 ../hello_bsp/\libucosii_bsp.a(os_cpu_a.o)
                0x000000002002cf68                OSCtxSw
                0x000000002002cf68                OSIntCtxSw
                0x000000002002cff4                OSStartHighRdy
                0x000000002002d014                OSStartTsk
 .text          0x000000002002d038      0x288 ../hello_bsp/\libucosii_bsp.a(os_cpu_c.o)
                0x000000002002d038                OSTaskStkInit
                0x000000002002d194                OSTaskCreateHook
                0x000000002002d1b8                OSTaskDelHook
                0x000000002002d1dc                OSTaskSwHook
                0x000000002002d1fc                OSTaskStatHook
                0x000000002002d21c                OSTimeTickHook
                0x000000002002d23c                OSInitHookBegin
                0x000000002002d25c                OSInitHookEnd
                0x000000002002d27c                OSTaskIdleHook
                0x000000002002d29c                OSTCBInitHook
 .text          0x000000002002d2c0        0x0 ../hello_bsp/\libucosii_bsp.a(alt_exception_entry.o)
 .text          0x000000002002d2c0       0x90 ../hello_bsp/\libucosii_bsp.a(alt_find_dev.o)
                0x000000002002d2c0                alt_find_dev
 .text          0x000000002002d350      0x108 ../hello_bsp/\libucosii_bsp.a(alt_find_file.o)
                0x000000002002d350                alt_find_file
 .text          0x000000002002d458       0xdc ../hello_bsp/\libucosii_bsp.a(alt_get_fd.o)
                0x000000002002d458                alt_get_fd
 .text          0x000000002002d534       0x90 ../hello_bsp/\libucosii_bsp.a(alt_icache_flush.o)
                0x000000002002d534                alt_icache_flush
 .text          0x000000002002d5c4        0x0 c:/intelfpga_lite/18.1/nios2eds/bin/gnu/h-x86_64-mingw32/bin/../lib/gcc/nios2-elf/5.3.0/../../../../../H-x86_64-mingw32/nios2-elf/lib\libc.a(lib_a-atexit.o)
 .text.atexit   0x000000002002d5c4       0x14 c:/intelfpga_lite/18.1/nios2eds/bin/gnu/h-x86_64-mingw32/bin/../lib/gcc/nios2-elf/5.3.0/../../../../../H-x86_64-mingw32/nios2-elf/lib\libc.a(lib_a-atexit.o)
                0x000000002002d5c4                atexit
 .text          0x000000002002d5d8        0x0 c:/intelfpga_lite/18.1/nios2eds/bin/gnu/h-x86_64-mingw32/bin/../lib/gcc/nios2-elf/5.3.0/../../../../../H-x86_64-mingw32/nios2-elf/lib\libc.a(lib_a-exit.o)
 .text.exit     0x000000002002d5d8       0x38 c:/intelfpga_lite/18.1/nios2eds/bin/gnu/h-x86_64-mingw32/bin/../lib/gcc/nios2-elf/5.3.0/../../../../../H-x86_64-mingw32/nios2-elf/lib\libc.a(lib_a-exit.o)
                0x000000002002d5d8                exit
 .text          0x000000002002d610        0x0 c:/intelfpga_lite/18.1/nios2eds/bin/gnu/h-x86_64-mingw32/bin/../lib/gcc/nios2-elf/5.3.0/../../../../../H-x86_64-mingw32/nios2-elf/lib\libc.a(lib_a-memcmp.o)
 .text.memcmp   0x000000002002d610       0x7c c:/intelfpga_lite/18.1/nios2eds/bin/gnu/h-x86_64-mingw32/bin/../lib/gcc/nios2-elf/5.3.0/../../../../../H-x86_64-mingw32/nios2-elf/lib\libc.a(lib_a-memcmp.o)
                0x000000002002d610                memcmp
 .text          0x000000002002d68c        0x0 c:/intelfpga_lite/18.1/nios2eds/bin/gnu/h-x86_64-mingw32/bin/../lib/gcc/nios2-elf/5.3.0/../../../../../H-x86_64-mingw32/nios2-elf/lib\libc.a(lib_a-__atexit.o)
 .text.__register_exitproc
                0x000000002002d68c      0x118 c:/intelfpga_lite/18.1/nios2eds/bin/gnu/h-x86_64-mingw32/bin/../lib/gcc/nios2-elf/5.3.0/../../../../../H-x86_64-mingw32/nios2-elf/lib\libc.a(lib_a-__atexit.o)
                0x000000002002d68c                __register_exitproc
 .text          0x000000002002d7a4        0x0 c:/intelfpga_lite/18.1/nios2eds/bin/gnu/h-x86_64-mingw32/bin/../lib/gcc/nios2-elf/5.3.0/../../../../../H-x86_64-mingw32/nios2-elf/lib\libc.a(lib_a-__call_atexit.o)
 .text.__call_exitprocs
                0x000000002002d7a4      0x180 c:/intelfpga_lite/18.1/nios2eds/bin/gnu/h-x86_64-mingw32/bin/../lib/gcc/nios2-elf/5.3.0/../../../../../H-x86_64-mingw32/nios2-elf/lib\libc.a(lib_a-__call_atexit.o)
                0x000000002002d7a4                __call_exitprocs
 .text          0x000000002002d924       0x34 ../hello_bsp/\libucosii_bsp.a(alt_exit.o)
                0x000000002002d924                _exit
 *(.gnu.warning.*)
 *(.fini)
                [!provide]                        PROVIDE (__etext, ABSOLUTE (.))
                [!provide]                        PROVIDE (_etext, ABSOLUTE (.))
                [!provide]                        PROVIDE (etext, ABSOLUTE (.))
 *(.eh_frame_hdr)
                0x000000002002d958                . = ALIGN (0x4)
                [!provide]                        PROVIDE (__preinit_array_start, ABSOLUTE (.))
 *(.preinit_array)
                [!provide]                        PROVIDE (__preinit_array_end, ABSOLUTE (.))
                [!provide]                        PROVIDE (__init_array_start, ABSOLUTE (.))
 *(.init_array)
                [!provide]                        PROVIDE (__init_array_end, ABSOLUTE (.))
                [!provide]                        PROVIDE (__fini_array_start, ABSOLUTE (.))
 *(.fini_array)
                [!provide]                        PROVIDE (__fini_array_end, ABSOLUTE (.))
 *(.eh_frame)
 *(.gcc_except_table .gcc_except_table.*)
 *(.dynamic)
                0x000000002002d958                PROVIDE (__CTOR_LIST__, ABSOLUTE (.))
 *(.ctors)
 *(SORT(.ctors.*))
                0x000000002002d958                PROVIDE (__CTOR_END__, ABSOLUTE (.))
                0x000000002002d958                PROVIDE (__DTOR_LIST__, ABSOLUTE (.))
 *(.dtors)
 *(SORT(.dtors.*))
                0x000000002002d958                PROVIDE (__DTOR_END__, ABSOLUTE (.))
 *(.jcr)
                0x000000002002d958                . = ALIGN (0x4)

.rodata         0x0000000000000000      0x190 load address 0x000000002002d958
                0x0000000000000000                PROVIDE (__ram_rodata_start, ABSOLUTE (.))
                0x0000000000000000                . = ALIGN (0x4)
 *(.rodata .rodata.* .gnu.linkonce.r.*)
 .rodata        0x0000000000000000       0x35 obj/default/hello_ucosii.o
 *fill*         0x0000000000000035        0x3 
 .rodata.str1.4
                0x0000000000000038        0x2 c:/intelfpga_lite/18.1/nios2eds/bin/gnu/h-x86_64-mingw32/bin/../lib/gcc/nios2-elf/5.3.0/../../../../../H-x86_64-mingw32/nios2-elf/lib\libc.a(lib_a-puts.o)
 *fill*         0x000000000000003a        0x2 
 .rodata.str1.4
                0x000000000000003c        0x4 c:/intelfpga_lite/18.1/nios2eds/bin/gnu/h-x86_64-mingw32/bin/../lib/gcc/nios2-elf/5.3.0/../../../../../H-x86_64-mingw32/nios2-elf/lib\libc.a(lib_a-impure.o)
                                          0x2 (size before relaxing)
 .rodata        0x0000000000000040        0xa ../hello_bsp/\libucosii_bsp.a(alt_dev.o)
 *fill*         0x000000000000004a        0x2 
 .rodata        0x000000000000004c        0xf ../hello_bsp/\libucosii_bsp.a(alt_main.o)
 *fill*         0x000000000000005b        0x1 
 .rodata        0x000000000000005c      0x11e ../hello_bsp/\libucosii_bsp.a(os_core.o)
                0x000000000000005c                OSUnMapTbl
 *fill*         0x000000000000017a        0x2 
 .rodata        0x000000000000017c        0xf ../hello_bsp/\libucosii_bsp.a(alt_sys_init.o)
 *fill*         0x000000000000018b        0x1 
 .rodata        0x000000000000018c        0x2 ../hello_bsp/\libucosii_bsp.a(os_cpu_c.o)
 *(.rodata1)
                0x0000000000000190                . = ALIGN (0x4)
 *fill*         0x000000000000018e        0x2 
                0x0000000000000190                PROVIDE (__ram_rodata_end, ABSOLUTE (.))
                0x000000002002d958                PROVIDE (__flash_rodata_start, LOADADDR (.rodata))

.rwdata         0x0000000000000190     0x1af4 load address 0x000000002002dae8
                0x0000000000000190                PROVIDE (__ram_rwdata_start, ABSOLUTE (.))
                0x0000000000000190                . = ALIGN (0x4)
 *(.got.plt)
 *(.got)
 *(.data1)
 *(.data .data.* .gnu.linkonce.d.*)
 .data          0x0000000000000190        0x0 ../hello_bsp//obj/HAL/src/crt0.o
 .data          0x0000000000000190        0x0 obj/default/hello_ucosii.o
 .data          0x0000000000000190        0x0 c:/intelfpga_lite/18.1/nios2eds/bin/gnu/h-x86_64-mingw32/bin/../lib/gcc/nios2-elf/5.3.0/../../../../../H-x86_64-mingw32/nios2-elf/lib\libc.a(lib_a-puts.o)
 .data          0x0000000000000190        0x0 c:/intelfpga_lite/18.1/nios2eds/bin/gnu/h-x86_64-mingw32/bin/../lib/gcc/nios2-elf/5.3.0/../../../../../H-x86_64-mingw32/nios2-elf/lib\libc.a(lib_a-strlen.o)
 .data          0x0000000000000190        0x0 c:/intelfpga_lite/18.1/nios2eds/bin/gnu/h-x86_64-mingw32/bin/../lib/gcc/nios2-elf/5.3.0/../../../../../H-x86_64-mingw32/nios2-elf/lib\libc.a(lib_a-findfp.o)
 .data          0x0000000000000190        0x0 c:/intelfpga_lite/18.1/nios2eds/bin/gnu/h-x86_64-mingw32/bin/../lib/gcc/nios2-elf/5.3.0/../../../../../H-x86_64-mingw32/nios2-elf/lib\libc.a(lib_a-fvwrite.o)
 .data          0x0000000000000190        0x0 c:/intelfpga_lite/18.1/nios2eds/bin/gnu/h-x86_64-mingw32/bin/../lib/gcc/nios2-elf/5.3.0/../../../../../H-x86_64-mingw32/nios2-elf/lib\libc.a(lib_a-fwalk.o)
 .data          0x0000000000000190        0x0 c:/intelfpga_lite/18.1/nios2eds/bin/gnu/h-x86_64-mingw32/bin/../lib/gcc/nios2-elf/5.3.0/../../../../../H-x86_64-mingw32/nios2-elf/lib\libc.a(lib_a-impure.o)
 .data.impure_data
                0x0000000000000190      0x424 c:/intelfpga_lite/18.1/nios2eds/bin/gnu/h-x86_64-mingw32/bin/../lib/gcc/nios2-elf/5.3.0/../../../../../H-x86_64-mingw32/nios2-elf/lib\libc.a(lib_a-impure.o)
 .data          0x00000000000005b4        0x0 c:/intelfpga_lite/18.1/nios2eds/bin/gnu/h-x86_64-mingw32/bin/../lib/gcc/nios2-elf/5.3.0/../../../../../H-x86_64-mingw32/nios2-elf/lib\libc.a(lib_a-mallocr.o)
 .data.__malloc_av_
                0x00000000000005b4      0x408 c:/intelfpga_lite/18.1/nios2eds/bin/gnu/h-x86_64-mingw32/bin/../lib/gcc/nios2-elf/5.3.0/../../../../../H-x86_64-mingw32/nios2-elf/lib\libc.a(lib_a-mallocr.o)
                0x00000000000005b4                __malloc_av_
 .data          0x00000000000009bc        0x0 c:/intelfpga_lite/18.1/nios2eds/bin/gnu/h-x86_64-mingw32/bin/../lib/gcc/nios2-elf/5.3.0/../../../../../H-x86_64-mingw32/nios2-elf/lib\libc.a(lib_a-memchr.o)
 .data          0x00000000000009bc        0x0 c:/intelfpga_lite/18.1/nios2eds/bin/gnu/h-x86_64-mingw32/bin/../lib/gcc/nios2-elf/5.3.0/../../../../../H-x86_64-mingw32/nios2-elf/lib\libc.a(lib_a-memcpy.o)
 .data          0x00000000000009bc        0x0 c:/intelfpga_lite/18.1/nios2eds/bin/gnu/h-x86_64-mingw32/bin/../lib/gcc/nios2-elf/5.3.0/../../../../../H-x86_64-mingw32/nios2-elf/lib\libc.a(lib_a-memmove.o)
 .data          0x00000000000009bc        0x0 c:/intelfpga_lite/18.1/nios2eds/bin/gnu/h-x86_64-mingw32/bin/../lib/gcc/nios2-elf/5.3.0/../../../../../H-x86_64-mingw32/nios2-elf/lib\libc.a(lib_a-memset.o)
 .data          0x00000000000009bc        0x0 c:/intelfpga_lite/18.1/nios2eds/bin/gnu/h-x86_64-mingw32/bin/../lib/gcc/nios2-elf/5.3.0/../../../../../H-x86_64-mingw32/nios2-elf/lib\libc.a(lib_a-reallocr.o)
 .data          0x00000000000009bc        0x0 c:/intelfpga_lite/18.1/nios2eds/bin/gnu/h-x86_64-mingw32/bin/../lib/gcc/nios2-elf/5.3.0/../../../../../H-x86_64-mingw32/nios2-elf/lib\libc.a(lib_a-sbrkr.o)
 .data          0x00000000000009bc        0x0 c:/intelfpga_lite/18.1/nios2eds/bin/gnu/h-x86_64-mingw32/bin/../lib/gcc/nios2-elf/5.3.0/../../../../../H-x86_64-mingw32/nios2-elf/lib\libc.a(lib_a-stdio.o)
 .data          0x00000000000009bc        0x0 c:/intelfpga_lite/18.1/nios2eds/bin/gnu/h-x86_64-mingw32/bin/../lib/gcc/nios2-elf/5.3.0/../../../../../H-x86_64-mingw32/nios2-elf/lib\libc.a(lib_a-writer.o)
 .data          0x00000000000009bc        0x0 c:/intelfpga_lite/18.1/nios2eds/bin/gnu/h-x86_64-mingw32/bin/../lib/gcc/nios2-elf/5.3.0/../../../../../H-x86_64-mingw32/nios2-elf/lib\libc.a(lib_a-wsetup.o)
 .data          0x00000000000009bc        0x0 c:/intelfpga_lite/18.1/nios2eds/bin/gnu/h-x86_64-mingw32/bin/../lib/gcc/nios2-elf/5.3.0/../../../../../H-x86_64-mingw32/nios2-elf/lib\libc.a(closer.o)
 .data          0x00000000000009bc        0x0 c:/intelfpga_lite/18.1/nios2eds/bin/gnu/h-x86_64-mingw32/bin/../lib/gcc/nios2-elf/5.3.0/../../../../../H-x86_64-mingw32/nios2-elf/lib\libc.a(lib_a-fclose.o)
 .data          0x00000000000009bc        0x0 c:/intelfpga_lite/18.1/nios2eds/bin/gnu/h-x86_64-mingw32/bin/../lib/gcc/nios2-elf/5.3.0/../../../../../H-x86_64-mingw32/nios2-elf/lib\libc.a(lib_a-fflush.o)
 .data          0x00000000000009bc        0x0 c:/intelfpga_lite/18.1/nios2eds/bin/gnu/h-x86_64-mingw32/bin/../lib/gcc/nios2-elf/5.3.0/../../../../../H-x86_64-mingw32/nios2-elf/lib\libc.a(lib_a-freer.o)
 .data          0x00000000000009bc        0x0 c:/intelfpga_lite/18.1/nios2eds/bin/gnu/h-x86_64-mingw32/bin/../lib/gcc/nios2-elf/5.3.0/../../../../../H-x86_64-mingw32/nios2-elf/lib\libc.a(lib_a-int_errno.o)
 .data          0x00000000000009bc        0x0 c:/intelfpga_lite/18.1/nios2eds/bin/gnu/h-x86_64-mingw32/bin/../lib/gcc/nios2-elf/5.3.0/../../../../../H-x86_64-mingw32/nios2-elf/lib\libc.a(lib_a-lseekr.o)
 .data          0x00000000000009bc        0x0 c:/intelfpga_lite/18.1/nios2eds/bin/gnu/h-x86_64-mingw32/bin/../lib/gcc/nios2-elf/5.3.0/../../../../../H-x86_64-mingw32/nios2-elf/lib\libc.a(lib_a-makebuf.o)
 .data          0x00000000000009bc        0x0 c:/intelfpga_lite/18.1/nios2eds/bin/gnu/h-x86_64-mingw32/bin/../lib/gcc/nios2-elf/5.3.0/../../../../../H-x86_64-mingw32/nios2-elf/lib\libc.a(lib_a-readr.o)
 .data          0x00000000000009bc        0x0 c:/intelfpga_lite/18.1/nios2eds/bin/gnu/h-x86_64-mingw32/bin/../lib/gcc/nios2-elf/5.3.0/../../../../../H-x86_64-mingw32/nios2-elf/lib\libc.a(lib_a-fstatr.o)
 .data          0x00000000000009bc        0x0 c:/intelfpga_lite/18.1/nios2eds/bin/gnu/h-x86_64-mingw32/bin/../lib/gcc/nios2-elf/5.3.0/../../../../../H-x86_64-mingw32/nios2-elf/lib\libc.a(lib_a-isattyr.o)
 .data          0x00000000000009bc        0x0 c:/intelfpga_lite/18.1/nios2eds/bin/gnu/h-x86_64-mingw32/bin/../lib/gcc/nios2-elf/5.3.0\libgcc.a(lib2-divmod.o)
 .data          0x00000000000009bc        0x0 ../hello_bsp/\libucosii_bsp.a(alt_close.o)
 .data          0x00000000000009bc      0x1a8 ../hello_bsp/\libucosii_bsp.a(alt_dev.o)
                0x00000000000009bc                alt_dev_null
                0x00000000000009e4                alt_fd_list
 .data          0x0000000000000b64        0x0 ../hello_bsp/\libucosii_bsp.a(alt_errno.o)
 .data          0x0000000000000b64        0x0 ../hello_bsp/\libucosii_bsp.a(alt_fstat.o)
 .data          0x0000000000000b64        0x0 ../hello_bsp/\libucosii_bsp.a(alt_isatty.o)
 .data          0x0000000000000b64        0x0 ../hello_bsp/\libucosii_bsp.a(alt_load.o)
 .data          0x0000000000000b64        0x0 ../hello_bsp/\libucosii_bsp.a(alt_lseek.o)
 .data          0x0000000000000b64        0x0 ../hello_bsp/\libucosii_bsp.a(alt_main.o)
 .data          0x0000000000000b64        0x0 ../hello_bsp/\libucosii_bsp.a(alt_read.o)
 .data          0x0000000000000b64        0x0 ../hello_bsp/\libucosii_bsp.a(alt_release_fd.o)
 .data          0x0000000000000b64        0x0 ../hello_bsp/\libucosii_bsp.a(alt_sbrk.o)
 .data          0x0000000000000b64        0x0 ../hello_bsp/\libucosii_bsp.a(alt_write.o)
 .data          0x0000000000000b64        0x0 ../hello_bsp/\libucosii_bsp.a(alt_env_lock.o)
 .data          0x0000000000000b64        0x0 ../hello_bsp/\libucosii_bsp.a(alt_malloc_lock.o)
 .data          0x0000000000000b64        0x0 ../hello_bsp/\libucosii_bsp.a(os_core.o)
 .data          0x0000000000000b64        0x0 ../hello_bsp/\libucosii_bsp.a(os_dbg.o)
 .data          0x0000000000000b64        0x0 ../hello_bsp/\libucosii_bsp.a(os_flag.o)
 .data          0x0000000000000b64        0x0 ../hello_bsp/\libucosii_bsp.a(os_mem.o)
 .data          0x0000000000000b64        0x0 ../hello_bsp/\libucosii_bsp.a(os_q.o)
 .data          0x0000000000000b64        0x0 ../hello_bsp/\libucosii_bsp.a(os_sem.o)
 .data          0x0000000000000b64        0x0 ../hello_bsp/\libucosii_bsp.a(os_task.o)
 .data          0x0000000000000b64        0x0 ../hello_bsp/\libucosii_bsp.a(os_time.o)
 .data          0x0000000000000b64     0x106c ../hello_bsp/\libucosii_bsp.a(alt_sys_init.o)
 .data          0x0000000000001bd0        0x0 ../hello_bsp/\libucosii_bsp.a(altera_avalon_jtag_uart_fd.o)
 .data          0x0000000000001bd0        0x0 ../hello_bsp/\libucosii_bsp.a(altera_avalon_jtag_uart_init.o)
 .data          0x0000000000001bd0        0x0 ../hello_bsp/\libucosii_bsp.a(altera_avalon_jtag_uart_ioctl.o)
 .data          0x0000000000001bd0        0x0 ../hello_bsp/\libucosii_bsp.a(altera_avalon_jtag_uart_read.o)
 .data          0x0000000000001bd0        0x0 ../hello_bsp/\libucosii_bsp.a(altera_avalon_jtag_uart_write.o)
 .data          0x0000000000001bd0        0x0 ../hello_bsp/\libucosii_bsp.a(altera_avalon_timer_sc.o)
 .data          0x0000000000001bd0        0x0 ../hello_bsp/\libucosii_bsp.a(alt_alarm_start.o)
 .data          0x0000000000001bd0        0x0 ../hello_bsp/\libucosii_bsp.a(alt_dcache_flush_all.o)
 .data          0x0000000000001bd0        0x0 ../hello_bsp/\libucosii_bsp.a(alt_dev_llist_insert.o)
 .data          0x0000000000001bd0        0x0 ../hello_bsp/\libucosii_bsp.a(alt_do_ctors.o)
 .data          0x0000000000001bd0        0x0 ../hello_bsp/\libucosii_bsp.a(alt_do_dtors.o)
 .data          0x0000000000001bd0        0x0 ../hello_bsp/\libucosii_bsp.a(alt_icache_flush_all.o)
 .data          0x0000000000001bd0        0x0 ../hello_bsp/\libucosii_bsp.a(alt_iic.o)
 .data          0x0000000000001bd0        0x0 ../hello_bsp/\libucosii_bsp.a(alt_iic_isr_register.o)
 .data          0x0000000000001bd0        0x0 ../hello_bsp/\libucosii_bsp.a(alt_io_redirect.o)
 .data          0x0000000000001bd0        0x0 ../hello_bsp/\libucosii_bsp.a(alt_irq_entry.o)
 .data          0x0000000000001bd0        0x0 ../hello_bsp/\libucosii_bsp.a(alt_irq_handler.o)
 .data          0x0000000000001bd0        0x0 ../hello_bsp/\libucosii_bsp.a(alt_irq_vars.o)
 .data          0x0000000000001bd0        0x0 ../hello_bsp/\libucosii_bsp.a(alt_open.o)
 .data          0x0000000000001bd0        0x0 ../hello_bsp/\libucosii_bsp.a(alt_tick.o)
 .data          0x0000000000001bd0        0x0 ../hello_bsp/\libucosii_bsp.a(altera_nios2_qsys_irq.o)
 .data          0x0000000000001bd0        0x0 ../hello_bsp/\libucosii_bsp.a(os_cpu_a.o)
 .data          0x0000000000001bd0        0x0 ../hello_bsp/\libucosii_bsp.a(os_cpu_c.o)
 .data          0x0000000000001bd0        0x0 ../hello_bsp/\libucosii_bsp.a(alt_exception_entry.o)
 .data          0x0000000000001bd0        0x0 ../hello_bsp/\libucosii_bsp.a(alt_find_dev.o)
 .data          0x0000000000001bd0        0x0 ../hello_bsp/\libucosii_bsp.a(alt_find_file.o)
 .data          0x0000000000001bd0        0x0 ../hello_bsp/\libucosii_bsp.a(alt_get_fd.o)
 .data          0x0000000000001bd0        0x0 ../hello_bsp/\libucosii_bsp.a(alt_icache_flush.o)
 .data          0x0000000000001bd0        0x0 c:/intelfpga_lite/18.1/nios2eds/bin/gnu/h-x86_64-mingw32/bin/../lib/gcc/nios2-elf/5.3.0/../../../../../H-x86_64-mingw32/nios2-elf/lib\libc.a(lib_a-atexit.o)
 .data          0x0000000000001bd0        0x0 c:/intelfpga_lite/18.1/nios2eds/bin/gnu/h-x86_64-mingw32/bin/../lib/gcc/nios2-elf/5.3.0/../../../../../H-x86_64-mingw32/nios2-elf/lib\libc.a(lib_a-exit.o)
 .data          0x0000000000001bd0        0x0 c:/intelfpga_lite/18.1/nios2eds/bin/gnu/h-x86_64-mingw32/bin/../lib/gcc/nios2-elf/5.3.0/../../../../../H-x86_64-mingw32/nios2-elf/lib\libc.a(lib_a-memcmp.o)
 .data          0x0000000000001bd0        0x0 c:/intelfpga_lite/18.1/nios2eds/bin/gnu/h-x86_64-mingw32/bin/../lib/gcc/nios2-elf/5.3.0/../../../../../H-x86_64-mingw32/nios2-elf/lib\libc.a(lib_a-__atexit.o)
 .data          0x0000000000001bd0        0x0 c:/intelfpga_lite/18.1/nios2eds/bin/gnu/h-x86_64-mingw32/bin/../lib/gcc/nios2-elf/5.3.0/../../../../../H-x86_64-mingw32/nios2-elf/lib\libc.a(lib_a-__call_atexit.o)
 .data          0x0000000000001bd0        0x0 ../hello_bsp/\libucosii_bsp.a(alt_exit.o)
                0x0000000000009bd0                _gp = ABSOLUTE ((. + 0x8000))
                [!provide]                        PROVIDE (gp, _gp)
 *(.rwdata .rwdata.*)
 *(.sdata .sdata.* .gnu.linkonce.s.*)
 .sdata._global_impure_ptr
                0x0000000000001bd0        0x4 c:/intelfpga_lite/18.1/nios2eds/bin/gnu/h-x86_64-mingw32/bin/../lib/gcc/nios2-elf/5.3.0/../../../../../H-x86_64-mingw32/nios2-elf/lib\libc.a(lib_a-impure.o)
                0x0000000000001bd0                _global_impure_ptr
 .sdata._impure_ptr
                0x0000000000001bd4        0x4 c:/intelfpga_lite/18.1/nios2eds/bin/gnu/h-x86_64-mingw32/bin/../lib/gcc/nios2-elf/5.3.0/../../../../../H-x86_64-mingw32/nios2-elf/lib\libc.a(lib_a-impure.o)
                0x0000000000001bd4                _impure_ptr
 .sdata.__malloc_sbrk_base
                0x0000000000001bd8        0x4 c:/intelfpga_lite/18.1/nios2eds/bin/gnu/h-x86_64-mingw32/bin/../lib/gcc/nios2-elf/5.3.0/../../../../../H-x86_64-mingw32/nios2-elf/lib\libc.a(lib_a-mallocr.o)
                0x0000000000001bd8                __malloc_sbrk_base
 .sdata.__malloc_trim_threshold
                0x0000000000001bdc        0x4 c:/intelfpga_lite/18.1/nios2eds/bin/gnu/h-x86_64-mingw32/bin/../lib/gcc/nios2-elf/5.3.0/../../../../../H-x86_64-mingw32/nios2-elf/lib\libc.a(lib_a-mallocr.o)
                0x0000000000001bdc                __malloc_trim_threshold
 .sdata         0x0000000000001be0       0x14 ../hello_bsp/\libucosii_bsp.a(alt_dev.o)
                0x0000000000001be0                alt_fs_list
                0x0000000000001be8                alt_dev_list
                0x0000000000001bf0                alt_max_fd
 .sdata         0x0000000000001bf4        0x4 ../hello_bsp/\libucosii_bsp.a(alt_errno.o)
                0x0000000000001bf4                alt_errno
 .sdata         0x0000000000001bf8        0x4 ../hello_bsp/\libucosii_bsp.a(alt_sbrk.o)
 .sdata         0x0000000000001bfc        0x4 ../hello_bsp/\libucosii_bsp.a(alt_env_lock.o)
 .sdata         0x0000000000001c00        0x4 ../hello_bsp/\libucosii_bsp.a(alt_malloc_lock.o)
 .sdata         0x0000000000001c04       0x72 ../hello_bsp/\libucosii_bsp.a(os_dbg.o)
                0x0000000000001c04                OSDebugEn
                0x0000000000001c08                OSEndiannessTest
                0x0000000000001c0c                OSEventEn
                0x0000000000001c0e                OSEventMax
                0x0000000000001c10                OSEventNameSize
                0x0000000000001c12                OSEventSize
                0x0000000000001c14                OSEventTblSize
                0x0000000000001c16                OSEventMultiEn
                0x0000000000001c18                OSFlagEn
                0x0000000000001c1a                OSFlagGrpSize
                0x0000000000001c1c                OSFlagNodeSize
                0x0000000000001c1e                OSFlagWidth
                0x0000000000001c20                OSFlagMax
                0x0000000000001c22                OSFlagNameSize
                0x0000000000001c24                OSLowestPrio
                0x0000000000001c26                OSMboxEn
                0x0000000000001c28                OSMemEn
                0x0000000000001c2a                OSMemMax
                0x0000000000001c2c                OSMemNameSize
                0x0000000000001c2e                OSMemSize
                0x0000000000001c30                OSMemTblSize
                0x0000000000001c32                OSMutexEn
                0x0000000000001c34                OSPtrSize
                0x0000000000001c36                OSQEn
                0x0000000000001c38                OSQMax
                0x0000000000001c3a                OSQSize
                0x0000000000001c3c                OSRdyTblSize
                0x0000000000001c3e                OSSemEn
                0x0000000000001c40                OSStkWidth
                0x0000000000001c42                OSTaskCreateEn
                0x0000000000001c44                OSTaskCreateExtEn
                0x0000000000001c46                OSTaskDelEn
                0x0000000000001c48                OSTaskIdleStkSize
                0x0000000000001c4a                OSTaskProfileEn
                0x0000000000001c4c                OSTaskMax
                0x0000000000001c4e                OSTaskNameSize
                0x0000000000001c50                OSTaskStatEn
                0x0000000000001c52                OSTaskStatStkSize
                0x0000000000001c54                OSTaskStatStkChkEn
                0x0000000000001c56                OSTaskSwHookEn
                0x0000000000001c58                OSTCBPrioTblMax
                0x0000000000001c5a                OSTCBSize
                0x0000000000001c5c                OSTicksPerSec
                0x0000000000001c5e                OSTimeTickHookEn
                0x0000000000001c60                OSVersionNbr
                0x0000000000001c62                OSTmrEn
                0x0000000000001c64                OSTmrCfgMax
                0x0000000000001c66                OSTmrCfgNameSize
                0x0000000000001c68                OSTmrCfgWheelSize
                0x0000000000001c6a                OSTmrCfgTicksPerSec
                0x0000000000001c6c                OSTmrSize
                0x0000000000001c6e                OSTmrTblSize
                0x0000000000001c70                OSTmrWheelSize
                0x0000000000001c72                OSTmrWheelTblSize
                0x0000000000001c74                OSDataSize
 *fill*         0x0000000000001c76        0x2 
 .sdata         0x0000000000001c78        0x4 ../hello_bsp/\libucosii_bsp.a(alt_irq_vars.o)
                0x0000000000001c78                alt_priority_mask
 .sdata         0x0000000000001c7c        0x8 ../hello_bsp/\libucosii_bsp.a(alt_tick.o)
                0x0000000000001c7c                alt_alarm_list
 *(.sdata2 .sdata2.* .gnu.linkonce.s2.*)
                0x0000000000001c84                . = ALIGN (0x4)
                0x0000000000001c84                _edata = ABSOLUTE (.)
                [!provide]                        PROVIDE (edata, ABSOLUTE (.))
                0x0000000000001c84                PROVIDE (__ram_rwdata_end, ABSOLUTE (.))
                0x000000002002dae8                PROVIDE (__flash_rwdata_start, LOADADDR (.rwdata))

.bss            0x0000000000001c84     0x73dc load address 0x000000002002f5dc
                0x0000000000001c84                __bss_start = ABSOLUTE (.)
                [!provide]                        PROVIDE (__sbss_start, ABSOLUTE (.))
                [!provide]                        PROVIDE (___sbss_start, ABSOLUTE (.))
 *(.dynsbss)
 *(.sbss .sbss.* .gnu.linkonce.sb.*)
 .sbss          0x0000000000001c84        0x4 obj/default/hello_ucosii.o
 .sbss.__malloc_max_total_mem
                0x0000000000001c88        0x4 c:/intelfpga_lite/18.1/nios2eds/bin/gnu/h-x86_64-mingw32/bin/../lib/gcc/nios2-elf/5.3.0/../../../../../H-x86_64-mingw32/nios2-elf/lib\libc.a(lib_a-mallocr.o)
                0x0000000000001c88                __malloc_max_total_mem
 .sbss.__malloc_max_sbrked_mem
                0x0000000000001c8c        0x4 c:/intelfpga_lite/18.1/nios2eds/bin/gnu/h-x86_64-mingw32/bin/../lib/gcc/nios2-elf/5.3.0/../../../../../H-x86_64-mingw32/nios2-elf/lib\libc.a(lib_a-mallocr.o)
                0x0000000000001c8c                __malloc_max_sbrked_mem
 .sbss.__malloc_top_pad
                0x0000000000001c90        0x4 c:/intelfpga_lite/18.1/nios2eds/bin/gnu/h-x86_64-mingw32/bin/../lib/gcc/nios2-elf/5.3.0/../../../../../H-x86_64-mingw32/nios2-elf/lib\libc.a(lib_a-mallocr.o)
                0x0000000000001c90                __malloc_top_pad
 .sbss          0x0000000000001c94        0x4 c:/intelfpga_lite/18.1/nios2eds/bin/gnu/h-x86_64-mingw32/bin/../lib/gcc/nios2-elf/5.3.0/../../../../../H-x86_64-mingw32/nios2-elf/lib\libc.a(lib_a-int_errno.o)
                0x0000000000001c94                errno
 .sbss          0x0000000000001c98        0x4 ../hello_bsp/\libucosii_bsp.a(alt_dev.o)
                0x0000000000001c98                alt_fd_list_lock
 .sbss          0x0000000000001c9c        0xc ../hello_bsp/\libucosii_bsp.a(alt_main.o)
                0x0000000000001c9c                alt_argc
                0x0000000000001ca0                alt_argv
                0x0000000000001ca4                alt_envp
 .sbss          0x0000000000001ca8        0x8 ../hello_bsp/\libucosii_bsp.a(alt_env_lock.o)
                0x0000000000001cac                alt_envsem
 .sbss          0x0000000000001cb0        0x8 ../hello_bsp/\libucosii_bsp.a(alt_malloc_lock.o)
                0x0000000000001cb4                alt_heapsem
 .sbss          0x0000000000001cb8       0x50 ../hello_bsp/\libucosii_bsp.a(os_core.o)
                0x0000000000001cb8                OSLockNesting
                0x0000000000001cb9                OSRunning
                0x0000000000001cbc                OSIdleCtr
                0x0000000000001cc0                OSPrioHighRdy
                0x0000000000001cc1                OSPrioCur
                0x0000000000001cc4                OSTCBList
                0x0000000000001cc8                OSTickStepState
                0x0000000000001ccc                OSCtxSwCtr
                0x0000000000001cd0                OSIdleCtrMax
                0x0000000000001cd4                OSTCBFreeList
                0x0000000000001cd8                OSCPUUsage
                0x0000000000001cd9                OSTaskCtr
                0x0000000000001cdc                OSMemFreeList
                0x0000000000001ce0                OSTCBHighRdy
                0x0000000000001ce4                OSQFreeList
                0x0000000000001ce8                OSRdyGrp
                0x0000000000001ce9                OSRdyTbl
                0x0000000000001cec                OSEventFreeList
                0x0000000000001cf0                OSIntNesting
                0x0000000000001cf4                OSTCBCur
                0x0000000000001cf8                OSTime
                0x0000000000001cfc                OSFlagFreeList
                0x0000000000001d00                OSStatRdy
                0x0000000000001d04                OSIdleCtrRun
 .sbss          0x0000000000001d08        0x4 ../hello_bsp/\libucosii_bsp.a(alt_irq_vars.o)
                0x0000000000001d08                alt_irq_active
 .sbss          0x0000000000001d0c        0x8 ../hello_bsp/\libucosii_bsp.a(alt_tick.o)
                0x0000000000001d0c                _alt_tick_rate
                0x0000000000001d10                _alt_nticks
 *(.sbss2 .sbss2.* .gnu.linkonce.sb2.*)
 *(.scommon)
                [!provide]                        PROVIDE (__sbss_end, ABSOLUTE (.))
                [!provide]                        PROVIDE (___sbss_end, ABSOLUTE (.))
 *(.dynbss)
 *(.bss .bss.* .gnu.linkonce.b.*)
 .bss           0x0000000000001d14        0x0 ../hello_bsp//obj/HAL/src/crt0.o
 .bss           0x0000000000001d14        0x0 obj/default/hello_ucosii.o
 .bss           0x0000000000001d14        0x0 c:/intelfpga_lite/18.1/nios2eds/bin/gnu/h-x86_64-mingw32/bin/../lib/gcc/nios2-elf/5.3.0/../../../../../H-x86_64-mingw32/nios2-elf/lib\libc.a(lib_a-puts.o)
 .bss           0x0000000000001d14        0x0 c:/intelfpga_lite/18.1/nios2eds/bin/gnu/h-x86_64-mingw32/bin/../lib/gcc/nios2-elf/5.3.0/../../../../../H-x86_64-mingw32/nios2-elf/lib\libc.a(lib_a-strlen.o)
 .bss           0x0000000000001d14        0x0 c:/intelfpga_lite/18.1/nios2eds/bin/gnu/h-x86_64-mingw32/bin/../lib/gcc/nios2-elf/5.3.0/../../../../../H-x86_64-mingw32/nios2-elf/lib\libc.a(lib_a-findfp.o)
 .bss           0x0000000000001d14        0x0 c:/intelfpga_lite/18.1/nios2eds/bin/gnu/h-x86_64-mingw32/bin/../lib/gcc/nios2-elf/5.3.0/../../../../../H-x86_64-mingw32/nios2-elf/lib\libc.a(lib_a-fvwrite.o)
 .bss           0x0000000000001d14        0x0 c:/intelfpga_lite/18.1/nios2eds/bin/gnu/h-x86_64-mingw32/bin/../lib/gcc/nios2-elf/5.3.0/../../../../../H-x86_64-mingw32/nios2-elf/lib\libc.a(lib_a-fwalk.o)
 .bss           0x0000000000001d14        0x0 c:/intelfpga_lite/18.1/nios2eds/bin/gnu/h-x86_64-mingw32/bin/../lib/gcc/nios2-elf/5.3.0/../../../../../H-x86_64-mingw32/nios2-elf/lib\libc.a(lib_a-impure.o)
 .bss           0x0000000000001d14        0x0 c:/intelfpga_lite/18.1/nios2eds/bin/gnu/h-x86_64-mingw32/bin/../lib/gcc/nios2-elf/5.3.0/../../../../../H-x86_64-mingw32/nios2-elf/lib\libc.a(lib_a-mallocr.o)
 .bss.__malloc_current_mallinfo
                0x0000000000001d14       0x28 c:/intelfpga_lite/18.1/nios2eds/bin/gnu/h-x86_64-mingw32/bin/../lib/gcc/nios2-elf/5.3.0/../../../../../H-x86_64-mingw32/nios2-elf/lib\libc.a(lib_a-mallocr.o)
                0x0000000000001d14                __malloc_current_mallinfo
 .bss           0x0000000000001d3c        0x0 c:/intelfpga_lite/18.1/nios2eds/bin/gnu/h-x86_64-mingw32/bin/../lib/gcc/nios2-elf/5.3.0/../../../../../H-x86_64-mingw32/nios2-elf/lib\libc.a(lib_a-memchr.o)
 .bss           0x0000000000001d3c        0x0 c:/intelfpga_lite/18.1/nios2eds/bin/gnu/h-x86_64-mingw32/bin/../lib/gcc/nios2-elf/5.3.0/../../../../../H-x86_64-mingw32/nios2-elf/lib\libc.a(lib_a-memcpy.o)
 .bss           0x0000000000001d3c        0x0 c:/intelfpga_lite/18.1/nios2eds/bin/gnu/h-x86_64-mingw32/bin/../lib/gcc/nios2-elf/5.3.0/../../../../../H-x86_64-mingw32/nios2-elf/lib\libc.a(lib_a-memmove.o)
 .bss           0x0000000000001d3c        0x0 c:/intelfpga_lite/18.1/nios2eds/bin/gnu/h-x86_64-mingw32/bin/../lib/gcc/nios2-elf/5.3.0/../../../../../H-x86_64-mingw32/nios2-elf/lib\libc.a(lib_a-memset.o)
 .bss           0x0000000000001d3c        0x0 c:/intelfpga_lite/18.1/nios2eds/bin/gnu/h-x86_64-mingw32/bin/../lib/gcc/nios2-elf/5.3.0/../../../../../H-x86_64-mingw32/nios2-elf/lib\libc.a(lib_a-reallocr.o)
 .bss           0x0000000000001d3c        0x0 c:/intelfpga_lite/18.1/nios2eds/bin/gnu/h-x86_64-mingw32/bin/../lib/gcc/nios2-elf/5.3.0/../../../../../H-x86_64-mingw32/nios2-elf/lib\libc.a(lib_a-sbrkr.o)
 .bss           0x0000000000001d3c        0x0 c:/intelfpga_lite/18.1/nios2eds/bin/gnu/h-x86_64-mingw32/bin/../lib/gcc/nios2-elf/5.3.0/../../../../../H-x86_64-mingw32/nios2-elf/lib\libc.a(lib_a-stdio.o)
 .bss           0x0000000000001d3c        0x0 c:/intelfpga_lite/18.1/nios2eds/bin/gnu/h-x86_64-mingw32/bin/../lib/gcc/nios2-elf/5.3.0/../../../../../H-x86_64-mingw32/nios2-elf/lib\libc.a(lib_a-writer.o)
 .bss           0x0000000000001d3c        0x0 c:/intelfpga_lite/18.1/nios2eds/bin/gnu/h-x86_64-mingw32/bin/../lib/gcc/nios2-elf/5.3.0/../../../../../H-x86_64-mingw32/nios2-elf/lib\libc.a(lib_a-wsetup.o)
 .bss           0x0000000000001d3c        0x0 c:/intelfpga_lite/18.1/nios2eds/bin/gnu/h-x86_64-mingw32/bin/../lib/gcc/nios2-elf/5.3.0/../../../../../H-x86_64-mingw32/nios2-elf/lib\libc.a(closer.o)
 .bss           0x0000000000001d3c        0x0 c:/intelfpga_lite/18.1/nios2eds/bin/gnu/h-x86_64-mingw32/bin/../lib/gcc/nios2-elf/5.3.0/../../../../../H-x86_64-mingw32/nios2-elf/lib\libc.a(lib_a-fclose.o)
 .bss           0x0000000000001d3c        0x0 c:/intelfpga_lite/18.1/nios2eds/bin/gnu/h-x86_64-mingw32/bin/../lib/gcc/nios2-elf/5.3.0/../../../../../H-x86_64-mingw32/nios2-elf/lib\libc.a(lib_a-fflush.o)
 .bss           0x0000000000001d3c        0x0 c:/intelfpga_lite/18.1/nios2eds/bin/gnu/h-x86_64-mingw32/bin/../lib/gcc/nios2-elf/5.3.0/../../../../../H-x86_64-mingw32/nios2-elf/lib\libc.a(lib_a-freer.o)
 .bss           0x0000000000001d3c        0x0 c:/intelfpga_lite/18.1/nios2eds/bin/gnu/h-x86_64-mingw32/bin/../lib/gcc/nios2-elf/5.3.0/../../../../../H-x86_64-mingw32/nios2-elf/lib\libc.a(lib_a-int_errno.o)
 .bss           0x0000000000001d3c        0x0 c:/intelfpga_lite/18.1/nios2eds/bin/gnu/h-x86_64-mingw32/bin/../lib/gcc/nios2-elf/5.3.0/../../../../../H-x86_64-mingw32/nios2-elf/lib\libc.a(lib_a-lseekr.o)
 .bss           0x0000000000001d3c        0x0 c:/intelfpga_lite/18.1/nios2eds/bin/gnu/h-x86_64-mingw32/bin/../lib/gcc/nios2-elf/5.3.0/../../../../../H-x86_64-mingw32/nios2-elf/lib\libc.a(lib_a-makebuf.o)
 .bss           0x0000000000001d3c        0x0 c:/intelfpga_lite/18.1/nios2eds/bin/gnu/h-x86_64-mingw32/bin/../lib/gcc/nios2-elf/5.3.0/../../../../../H-x86_64-mingw32/nios2-elf/lib\libc.a(lib_a-readr.o)
 .bss           0x0000000000001d3c        0x0 c:/intelfpga_lite/18.1/nios2eds/bin/gnu/h-x86_64-mingw32/bin/../lib/gcc/nios2-elf/5.3.0/../../../../../H-x86_64-mingw32/nios2-elf/lib\libc.a(lib_a-fstatr.o)
 .bss           0x0000000000001d3c        0x0 c:/intelfpga_lite/18.1/nios2eds/bin/gnu/h-x86_64-mingw32/bin/../lib/gcc/nios2-elf/5.3.0/../../../../../H-x86_64-mingw32/nios2-elf/lib\libc.a(lib_a-isattyr.o)
 .bss           0x0000000000001d3c        0x0 c:/intelfpga_lite/18.1/nios2eds/bin/gnu/h-x86_64-mingw32/bin/../lib/gcc/nios2-elf/5.3.0\libgcc.a(lib2-divmod.o)
 .bss           0x0000000000001d3c        0x0 ../hello_bsp/\libucosii_bsp.a(alt_close.o)
 .bss           0x0000000000001d3c        0x0 ../hello_bsp/\libucosii_bsp.a(alt_dev.o)
 .bss           0x0000000000001d3c        0x0 ../hello_bsp/\libucosii_bsp.a(alt_errno.o)
 .bss           0x0000000000001d3c        0x0 ../hello_bsp/\libucosii_bsp.a(alt_fstat.o)
 .bss           0x0000000000001d3c        0x0 ../hello_bsp/\libucosii_bsp.a(alt_isatty.o)
 .bss           0x0000000000001d3c        0x0 ../hello_bsp/\libucosii_bsp.a(alt_load.o)
 .bss           0x0000000000001d3c        0x0 ../hello_bsp/\libucosii_bsp.a(alt_lseek.o)
 .bss           0x0000000000001d3c        0x0 ../hello_bsp/\libucosii_bsp.a(alt_main.o)
 .bss           0x0000000000001d3c        0x0 ../hello_bsp/\libucosii_bsp.a(alt_read.o)
 .bss           0x0000000000001d3c        0x0 ../hello_bsp/\libucosii_bsp.a(alt_release_fd.o)
 .bss           0x0000000000001d3c        0x0 ../hello_bsp/\libucosii_bsp.a(alt_sbrk.o)
 .bss           0x0000000000001d3c        0x0 ../hello_bsp/\libucosii_bsp.a(alt_write.o)
 .bss           0x0000000000001d3c        0x0 ../hello_bsp/\libucosii_bsp.a(alt_env_lock.o)
 .bss           0x0000000000001d3c        0x0 ../hello_bsp/\libucosii_bsp.a(alt_malloc_lock.o)
 .bss           0x0000000000001d3c        0x0 ../hello_bsp/\libucosii_bsp.a(os_core.o)
 .bss           0x0000000000001d3c        0x0 ../hello_bsp/\libucosii_bsp.a(os_dbg.o)
 .bss           0x0000000000001d3c        0x0 ../hello_bsp/\libucosii_bsp.a(os_flag.o)
 .bss           0x0000000000001d3c        0x0 ../hello_bsp/\libucosii_bsp.a(os_mem.o)
 .bss           0x0000000000001d3c        0x0 ../hello_bsp/\libucosii_bsp.a(os_q.o)
 .bss           0x0000000000001d3c        0x0 ../hello_bsp/\libucosii_bsp.a(os_sem.o)
 .bss           0x0000000000001d3c        0x0 ../hello_bsp/\libucosii_bsp.a(os_task.o)
 .bss           0x0000000000001d3c        0x0 ../hello_bsp/\libucosii_bsp.a(os_time.o)
 .bss           0x0000000000001d3c        0x0 ../hello_bsp/\libucosii_bsp.a(alt_sys_init.o)
 .bss           0x0000000000001d3c        0x0 ../hello_bsp/\libucosii_bsp.a(altera_avalon_jtag_uart_fd.o)
 .bss           0x0000000000001d3c        0x0 ../hello_bsp/\libucosii_bsp.a(altera_avalon_jtag_uart_init.o)
 .bss           0x0000000000001d3c        0x0 ../hello_bsp/\libucosii_bsp.a(altera_avalon_jtag_uart_ioctl.o)
 .bss           0x0000000000001d3c        0x0 ../hello_bsp/\libucosii_bsp.a(altera_avalon_jtag_uart_read.o)
 .bss           0x0000000000001d3c        0x0 ../hello_bsp/\libucosii_bsp.a(altera_avalon_jtag_uart_write.o)
 .bss           0x0000000000001d3c        0x0 ../hello_bsp/\libucosii_bsp.a(altera_avalon_timer_sc.o)
 .bss           0x0000000000001d3c        0x0 ../hello_bsp/\libucosii_bsp.a(alt_alarm_start.o)
 .bss           0x0000000000001d3c        0x0 ../hello_bsp/\libucosii_bsp.a(alt_dcache_flush_all.o)
 .bss           0x0000000000001d3c        0x0 ../hello_bsp/\libucosii_bsp.a(alt_dev_llist_insert.o)
 .bss           0x0000000000001d3c        0x0 ../hello_bsp/\libucosii_bsp.a(alt_do_ctors.o)
 .bss           0x0000000000001d3c        0x0 ../hello_bsp/\libucosii_bsp.a(alt_do_dtors.o)
 .bss           0x0000000000001d3c        0x0 ../hello_bsp/\libucosii_bsp.a(alt_icache_flush_all.o)
 .bss           0x0000000000001d3c        0x0 ../hello_bsp/\libucosii_bsp.a(alt_iic.o)
 .bss           0x0000000000001d3c        0x0 ../hello_bsp/\libucosii_bsp.a(alt_iic_isr_register.o)
 .bss           0x0000000000001d3c        0x0 ../hello_bsp/\libucosii_bsp.a(alt_io_redirect.o)
 .bss           0x0000000000001d3c        0x0 ../hello_bsp/\libucosii_bsp.a(alt_irq_entry.o)
 .bss           0x0000000000001d3c        0x0 ../hello_bsp/\libucosii_bsp.a(alt_irq_handler.o)
 .bss           0x0000000000001d3c        0x0 ../hello_bsp/\libucosii_bsp.a(alt_irq_vars.o)
 .bss           0x0000000000001d3c        0x0 ../hello_bsp/\libucosii_bsp.a(alt_open.o)
 .bss           0x0000000000001d3c        0x0 ../hello_bsp/\libucosii_bsp.a(alt_tick.o)
 .bss           0x0000000000001d3c        0x0 ../hello_bsp/\libucosii_bsp.a(altera_nios2_qsys_irq.o)
 .bss           0x0000000000001d3c        0x0 ../hello_bsp/\libucosii_bsp.a(os_cpu_a.o)
 .bss           0x0000000000001d3c        0x0 ../hello_bsp/\libucosii_bsp.a(os_cpu_c.o)
 .bss           0x0000000000001d3c        0x0 ../hello_bsp/\libucosii_bsp.a(alt_exception_entry.o)
 .bss           0x0000000000001d3c        0x0 ../hello_bsp/\libucosii_bsp.a(alt_find_dev.o)
 .bss           0x0000000000001d3c        0x0 ../hello_bsp/\libucosii_bsp.a(alt_find_file.o)
 .bss           0x0000000000001d3c        0x0 ../hello_bsp/\libucosii_bsp.a(alt_get_fd.o)
 .bss           0x0000000000001d3c        0x0 ../hello_bsp/\libucosii_bsp.a(alt_icache_flush.o)
 .bss           0x0000000000001d3c        0x0 c:/intelfpga_lite/18.1/nios2eds/bin/gnu/h-x86_64-mingw32/bin/../lib/gcc/nios2-elf/5.3.0/../../../../../H-x86_64-mingw32/nios2-elf/lib\libc.a(lib_a-atexit.o)
 .bss           0x0000000000001d3c        0x0 c:/intelfpga_lite/18.1/nios2eds/bin/gnu/h-x86_64-mingw32/bin/../lib/gcc/nios2-elf/5.3.0/../../../../../H-x86_64-mingw32/nios2-elf/lib\libc.a(lib_a-exit.o)
 .bss           0x0000000000001d3c        0x0 c:/intelfpga_lite/18.1/nios2eds/bin/gnu/h-x86_64-mingw32/bin/../lib/gcc/nios2-elf/5.3.0/../../../../../H-x86_64-mingw32/nios2-elf/lib\libc.a(lib_a-memcmp.o)
 .bss           0x0000000000001d3c        0x0 c:/intelfpga_lite/18.1/nios2eds/bin/gnu/h-x86_64-mingw32/bin/../lib/gcc/nios2-elf/5.3.0/../../../../../H-x86_64-mingw32/nios2-elf/lib\libc.a(lib_a-__atexit.o)
 .bss           0x0000000000001d3c        0x0 c:/intelfpga_lite/18.1/nios2eds/bin/gnu/h-x86_64-mingw32/bin/../lib/gcc/nios2-elf/5.3.0/../../../../../H-x86_64-mingw32/nios2-elf/lib\libc.a(lib_a-__call_atexit.o)
 .bss           0x0000000000001d3c        0x0 ../hello_bsp/\libucosii_bsp.a(alt_exit.o)
 *(COMMON)
 COMMON         0x0000000000001d3c     0x4000 obj/default/hello_ucosii.o
                0x0000000000001d3c                task1_stk
                0x0000000000003d3c                task2_stk
 COMMON         0x0000000000005d3c     0x3224 ../hello_bsp/\libucosii_bsp.a(os_core.o)
                0x0000000000005d3c                OSFlagTbl
                0x00000000000060ac                OSMemTbl
                0x0000000000006cdc                OSTaskStatStk
                0x00000000000074dc                OSQTbl
                0x00000000000076bc                OSTaskIdleStk
                0x0000000000007ebc                OSEventTbl
                0x00000000000089fc                OSTCBTbl
                0x0000000000008f0c                OSTCBPrioTbl
 COMMON         0x0000000000008f60      0x100 ../hello_bsp/\libucosii_bsp.a(alt_irq_handler.o)
                0x0000000000008f60                alt_irq
                0x0000000000009060                . = ALIGN (0x4)
                0x0000000000009060                __bss_end = ABSOLUTE (.)

.sdram          0x0000000000009060        0x0 load address 0x000000002002f5dc
                [!provide]                        PROVIDE (_alt_partition_sdram_start, ABSOLUTE (.))
 *(.sdram .sdram. sdram.*)
                0x0000000000009060                . = ALIGN (0x4)
                [!provide]                        PROVIDE (_alt_partition_sdram_end, ABSOLUTE (.))
                0x0000000000009060                _end = ABSOLUTE (.)
                0x0000000000009060                end = ABSOLUTE (.)
                0x0000000000009060                __alt_stack_base = ABSOLUTE (.)
                [!provide]                        PROVIDE (_alt_partition_sdram_load_addr, LOADADDR (.sdram))

.onchip_memory2
                0x000000002002f5dc        0x0
                [!provide]                        PROVIDE (_alt_partition_onchip_memory2_start, ABSOLUTE (.))
 *(.onchip_memory2 .onchip_memory2. onchip_memory2.*)
                0x000000002002f5dc                . = ALIGN (0x4)
                [!provide]                        PROVIDE (_alt_partition_onchip_memory2_end, ABSOLUTE (.))
                [!provide]                        PROVIDE (_alt_partition_onchip_memory2_load_addr, LOADADDR (.onchip_memory2))

.stab
 *(.stab)

.stabstr
 *(.stabstr)

.stab.excl
 *(.stab.excl)

.stab.exclstr
 *(.stab.exclstr)

.stab.index
 *(.stab.index)

.stab.indexstr
 *(.stab.indexstr)

.comment        0x0000000000000000       0x23
 *(.comment)
 .comment       0x0000000000000000       0x23 obj/default/hello_ucosii.o
                                         0x24 (size before relaxing)
 .comment       0x0000000000000023       0x24 c:/intelfpga_lite/18.1/nios2eds/bin/gnu/h-x86_64-mingw32/bin/../lib/gcc/nios2-elf/5.3.0/../../../../../H-x86_64-mingw32/nios2-elf/lib\libc.a(lib_a-puts.o)
 .comment       0x0000000000000023       0x24 c:/intelfpga_lite/18.1/nios2eds/bin/gnu/h-x86_64-mingw32/bin/../lib/gcc/nios2-elf/5.3.0/../../../../../H-x86_64-mingw32/nios2-elf/lib\libc.a(lib_a-strlen.o)
 .comment       0x0000000000000023       0x24 c:/intelfpga_lite/18.1/nios2eds/bin/gnu/h-x86_64-mingw32/bin/../lib/gcc/nios2-elf/5.3.0/../../../../../H-x86_64-mingw32/nios2-elf/lib\libc.a(lib_a-findfp.o)
 .comment       0x0000000000000023       0x24 c:/intelfpga_lite/18.1/nios2eds/bin/gnu/h-x86_64-mingw32/bin/../lib/gcc/nios2-elf/5.3.0/../../../../../H-x86_64-mingw32/nios2-elf/lib\libc.a(lib_a-fvwrite.o)
 .comment       0x0000000000000023       0x24 c:/intelfpga_lite/18.1/nios2eds/bin/gnu/h-x86_64-mingw32/bin/../lib/gcc/nios2-elf/5.3.0/../../../../../H-x86_64-mingw32/nios2-elf/lib\libc.a(lib_a-fwalk.o)
 .comment       0x0000000000000023       0x24 c:/intelfpga_lite/18.1/nios2eds/bin/gnu/h-x86_64-mingw32/bin/../lib/gcc/nios2-elf/5.3.0/../../../../../H-x86_64-mingw32/nios2-elf/lib\libc.a(lib_a-impure.o)
 .comment       0x0000000000000023       0x24 c:/intelfpga_lite/18.1/nios2eds/bin/gnu/h-x86_64-mingw32/bin/../lib/gcc/nios2-elf/5.3.0/../../../../../H-x86_64-mingw32/nios2-elf/lib\libc.a(lib_a-mallocr.o)
 .comment       0x0000000000000023       0x24 c:/intelfpga_lite/18.1/nios2eds/bin/gnu/h-x86_64-mingw32/bin/../lib/gcc/nios2-elf/5.3.0/../../../../../H-x86_64-mingw32/nios2-elf/lib\libc.a(lib_a-memchr.o)
 .comment       0x0000000000000023       0x24 c:/intelfpga_lite/18.1/nios2eds/bin/gnu/h-x86_64-mingw32/bin/../lib/gcc/nios2-elf/5.3.0/../../../../../H-x86_64-mingw32/nios2-elf/lib\libc.a(lib_a-memcpy.o)
 .comment       0x0000000000000023       0x24 c:/intelfpga_lite/18.1/nios2eds/bin/gnu/h-x86_64-mingw32/bin/../lib/gcc/nios2-elf/5.3.0/../../../../../H-x86_64-mingw32/nios2-elf/lib\libc.a(lib_a-memmove.o)
 .comment       0x0000000000000023       0x24 c:/intelfpga_lite/18.1/nios2eds/bin/gnu/h-x86_64-mingw32/bin/../lib/gcc/nios2-elf/5.3.0/../../../../../H-x86_64-mingw32/nios2-elf/lib\libc.a(lib_a-memset.o)
 .comment       0x0000000000000023       0x24 c:/intelfpga_lite/18.1/nios2eds/bin/gnu/h-x86_64-mingw32/bin/../lib/gcc/nios2-elf/5.3.0/../../../../../H-x86_64-mingw32/nios2-elf/lib\libc.a(lib_a-reallocr.o)
 .comment       0x0000000000000023       0x24 c:/intelfpga_lite/18.1/nios2eds/bin/gnu/h-x86_64-mingw32/bin/../lib/gcc/nios2-elf/5.3.0/../../../../../H-x86_64-mingw32/nios2-elf/lib\libc.a(lib_a-sbrkr.o)
 .comment       0x0000000000000023       0x24 c:/intelfpga_lite/18.1/nios2eds/bin/gnu/h-x86_64-mingw32/bin/../lib/gcc/nios2-elf/5.3.0/../../../../../H-x86_64-mingw32/nios2-elf/lib\libc.a(lib_a-stdio.o)
 .comment       0x0000000000000023       0x24 c:/intelfpga_lite/18.1/nios2eds/bin/gnu/h-x86_64-mingw32/bin/../lib/gcc/nios2-elf/5.3.0/../../../../../H-x86_64-mingw32/nios2-elf/lib\libc.a(lib_a-writer.o)
 .comment       0x0000000000000023       0x24 c:/intelfpga_lite/18.1/nios2eds/bin/gnu/h-x86_64-mingw32/bin/../lib/gcc/nios2-elf/5.3.0/../../../../../H-x86_64-mingw32/nios2-elf/lib\libc.a(lib_a-wsetup.o)
 .comment       0x0000000000000023       0x24 c:/intelfpga_lite/18.1/nios2eds/bin/gnu/h-x86_64-mingw32/bin/../lib/gcc/nios2-elf/5.3.0/../../../../../H-x86_64-mingw32/nios2-elf/lib\libc.a(closer.o)
 .comment       0x0000000000000023       0x24 c:/intelfpga_lite/18.1/nios2eds/bin/gnu/h-x86_64-mingw32/bin/../lib/gcc/nios2-elf/5.3.0/../../../../../H-x86_64-mingw32/nios2-elf/lib\libc.a(lib_a-fclose.o)
 .comment       0x0000000000000023       0x24 c:/intelfpga_lite/18.1/nios2eds/bin/gnu/h-x86_64-mingw32/bin/../lib/gcc/nios2-elf/5.3.0/../../../../../H-x86_64-mingw32/nios2-elf/lib\libc.a(lib_a-fflush.o)
 .comment       0x0000000000000023       0x24 c:/intelfpga_lite/18.1/nios2eds/bin/gnu/h-x86_64-mingw32/bin/../lib/gcc/nios2-elf/5.3.0/../../../../../H-x86_64-mingw32/nios2-elf/lib\libc.a(lib_a-freer.o)
 .comment       0x0000000000000023       0x24 c:/intelfpga_lite/18.1/nios2eds/bin/gnu/h-x86_64-mingw32/bin/../lib/gcc/nios2-elf/5.3.0/../../../../../H-x86_64-mingw32/nios2-elf/lib\libc.a(lib_a-int_errno.o)
 .comment       0x0000000000000023       0x24 c:/intelfpga_lite/18.1/nios2eds/bin/gnu/h-x86_64-mingw32/bin/../lib/gcc/nios2-elf/5.3.0/../../../../../H-x86_64-mingw32/nios2-elf/lib\libc.a(lib_a-lseekr.o)
 .comment       0x0000000000000023       0x24 c:/intelfpga_lite/18.1/nios2eds/bin/gnu/h-x86_64-mingw32/bin/../lib/gcc/nios2-elf/5.3.0/../../../../../H-x86_64-mingw32/nios2-elf/lib\libc.a(lib_a-makebuf.o)
 .comment       0x0000000000000023       0x24 c:/intelfpga_lite/18.1/nios2eds/bin/gnu/h-x86_64-mingw32/bin/../lib/gcc/nios2-elf/5.3.0/../../../../../H-x86_64-mingw32/nios2-elf/lib\libc.a(lib_a-readr.o)
 .comment       0x0000000000000023       0x24 c:/intelfpga_lite/18.1/nios2eds/bin/gnu/h-x86_64-mingw32/bin/../lib/gcc/nios2-elf/5.3.0/../../../../../H-x86_64-mingw32/nios2-elf/lib\libc.a(lib_a-fstatr.o)
 .comment       0x0000000000000023       0x24 c:/intelfpga_lite/18.1/nios2eds/bin/gnu/h-x86_64-mingw32/bin/../lib/gcc/nios2-elf/5.3.0/../../../../../H-x86_64-mingw32/nios2-elf/lib\libc.a(lib_a-isattyr.o)
 .comment       0x0000000000000023       0x24 c:/intelfpga_lite/18.1/nios2eds/bin/gnu/h-x86_64-mingw32/bin/../lib/gcc/nios2-elf/5.3.0\libgcc.a(lib2-divmod.o)
 .comment       0x0000000000000023       0x24 ../hello_bsp/\libucosii_bsp.a(alt_close.o)
 .comment       0x0000000000000023       0x24 ../hello_bsp/\libucosii_bsp.a(alt_dev.o)
 .comment       0x0000000000000023       0x24 ../hello_bsp/\libucosii_bsp.a(alt_errno.o)
 .comment       0x0000000000000023       0x24 ../hello_bsp/\libucosii_bsp.a(alt_fstat.o)
 .comment       0x0000000000000023       0x24 ../hello_bsp/\libucosii_bsp.a(alt_isatty.o)
 .comment       0x0000000000000023       0x24 ../hello_bsp/\libucosii_bsp.a(alt_load.o)
 .comment       0x0000000000000023       0x24 ../hello_bsp/\libucosii_bsp.a(alt_lseek.o)
 .comment       0x0000000000000023       0x24 ../hello_bsp/\libucosii_bsp.a(alt_main.o)
 .comment       0x0000000000000023       0x24 ../hello_bsp/\libucosii_bsp.a(alt_read.o)
 .comment       0x0000000000000023       0x24 ../hello_bsp/\libucosii_bsp.a(alt_release_fd.o)
 .comment       0x0000000000000023       0x24 ../hello_bsp/\libucosii_bsp.a(alt_sbrk.o)
 .comment       0x0000000000000023       0x24 ../hello_bsp/\libucosii_bsp.a(alt_write.o)
 .comment       0x0000000000000023       0x24 ../hello_bsp/\libucosii_bsp.a(alt_env_lock.o)
 .comment       0x0000000000000023       0x24 ../hello_bsp/\libucosii_bsp.a(alt_malloc_lock.o)
 .comment       0x0000000000000023       0x24 ../hello_bsp/\libucosii_bsp.a(os_core.o)
 .comment       0x0000000000000023       0x24 ../hello_bsp/\libucosii_bsp.a(os_dbg.o)
 .comment       0x0000000000000023       0x24 ../hello_bsp/\libucosii_bsp.a(os_flag.o)
 .comment       0x0000000000000023       0x24 ../hello_bsp/\libucosii_bsp.a(os_mem.o)
 .comment       0x0000000000000023       0x24 ../hello_bsp/\libucosii_bsp.a(os_q.o)
 .comment       0x0000000000000023       0x24 ../hello_bsp/\libucosii_bsp.a(os_sem.o)
 .comment       0x0000000000000023       0x24 ../hello_bsp/\libucosii_bsp.a(os_task.o)
 .comment       0x0000000000000023       0x24 ../hello_bsp/\libucosii_bsp.a(os_time.o)
 .comment       0x0000000000000023       0x24 ../hello_bsp/\libucosii_bsp.a(alt_sys_init.o)
 .comment       0x0000000000000023       0x24 ../hello_bsp/\libucosii_bsp.a(altera_avalon_jtag_uart_fd.o)
 .comment       0x0000000000000023       0x24 ../hello_bsp/\libucosii_bsp.a(altera_avalon_jtag_uart_init.o)
 .comment       0x0000000000000023       0x24 ../hello_bsp/\libucosii_bsp.a(altera_avalon_jtag_uart_ioctl.o)
 .comment       0x0000000000000023       0x24 ../hello_bsp/\libucosii_bsp.a(altera_avalon_jtag_uart_read.o)
 .comment       0x0000000000000023       0x24 ../hello_bsp/\libucosii_bsp.a(altera_avalon_jtag_uart_write.o)
 .comment       0x0000000000000023       0x24 ../hello_bsp/\libucosii_bsp.a(altera_avalon_timer_sc.o)
 .comment       0x0000000000000023       0x24 ../hello_bsp/\libucosii_bsp.a(alt_alarm_start.o)
 .comment       0x0000000000000023       0x24 ../hello_bsp/\libucosii_bsp.a(alt_dcache_flush_all.o)
 .comment       0x0000000000000023       0x24 ../hello_bsp/\libucosii_bsp.a(alt_dev_llist_insert.o)
 .comment       0x0000000000000023       0x24 ../hello_bsp/\libucosii_bsp.a(alt_do_ctors.o)
 .comment       0x0000000000000023       0x24 ../hello_bsp/\libucosii_bsp.a(alt_do_dtors.o)
 .comment       0x0000000000000023       0x24 ../hello_bsp/\libucosii_bsp.a(alt_icache_flush_all.o)
 .comment       0x0000000000000023       0x24 ../hello_bsp/\libucosii_bsp.a(alt_iic.o)
 .comment       0x0000000000000023       0x24 ../hello_bsp/\libucosii_bsp.a(alt_iic_isr_register.o)
 .comment       0x0000000000000023       0x24 ../hello_bsp/\libucosii_bsp.a(alt_io_redirect.o)
 .comment       0x0000000000000023       0x24 ../hello_bsp/\libucosii_bsp.a(alt_irq_handler.o)
 .comment       0x0000000000000023       0x24 ../hello_bsp/\libucosii_bsp.a(alt_irq_vars.o)
 .comment       0x0000000000000023       0x24 ../hello_bsp/\libucosii_bsp.a(alt_open.o)
 .comment       0x0000000000000023       0x24 ../hello_bsp/\libucosii_bsp.a(alt_tick.o)
 .comment       0x0000000000000023       0x24 ../hello_bsp/\libucosii_bsp.a(altera_nios2_qsys_irq.o)
 .comment       0x0000000000000023       0x24 ../hello_bsp/\libucosii_bsp.a(os_cpu_c.o)
 .comment       0x0000000000000023       0x24 ../hello_bsp/\libucosii_bsp.a(alt_find_dev.o)
 .comment       0x0000000000000023       0x24 ../hello_bsp/\libucosii_bsp.a(alt_find_file.o)
 .comment       0x0000000000000023       0x24 ../hello_bsp/\libucosii_bsp.a(alt_get_fd.o)
 .comment       0x0000000000000023       0x24 ../hello_bsp/\libucosii_bsp.a(alt_icache_flush.o)
 .comment       0x0000000000000023       0x24 c:/intelfpga_lite/18.1/nios2eds/bin/gnu/h-x86_64-mingw32/bin/../lib/gcc/nios2-elf/5.3.0/../../../../../H-x86_64-mingw32/nios2-elf/lib\libc.a(lib_a-atexit.o)
 .comment       0x0000000000000023       0x24 c:/intelfpga_lite/18.1/nios2eds/bin/gnu/h-x86_64-mingw32/bin/../lib/gcc/nios2-elf/5.3.0/../../../../../H-x86_64-mingw32/nios2-elf/lib\libc.a(lib_a-exit.o)
 .comment       0x0000000000000023       0x24 c:/intelfpga_lite/18.1/nios2eds/bin/gnu/h-x86_64-mingw32/bin/../lib/gcc/nios2-elf/5.3.0/../../../../../H-x86_64-mingw32/nios2-elf/lib\libc.a(lib_a-memcmp.o)
 .comment       0x0000000000000023       0x24 c:/intelfpga_lite/18.1/nios2eds/bin/gnu/h-x86_64-mingw32/bin/../lib/gcc/nios2-elf/5.3.0/../../../../../H-x86_64-mingw32/nios2-elf/lib\libc.a(lib_a-__atexit.o)
 .comment       0x0000000000000023       0x24 c:/intelfpga_lite/18.1/nios2eds/bin/gnu/h-x86_64-mingw32/bin/../lib/gcc/nios2-elf/5.3.0/../../../../../H-x86_64-mingw32/nios2-elf/lib\libc.a(lib_a-__call_atexit.o)
 .comment       0x0000000000000023       0x24 ../hello_bsp/\libucosii_bsp.a(alt_exit.o)

.debug
 *(.debug)

.line
 *(.line)

.debug_srcinfo
 *(.debug_srcinfo)

.debug_sfnames
 *(.debug_sfnames)

.debug_aranges  0x0000000000000000      0xb68
 *(.debug_aranges)
 .debug_aranges
                0x0000000000000000       0x28 ../hello_bsp//obj/HAL/src/crt0.o
 .debug_aranges
                0x0000000000000028       0x20 obj/default/hello_ucosii.o
 .debug_aranges